Archive member included to satisfy reference by file (symbol)

D:\STM32CubeIDEWS\NineAxisController\Core\MPU9250\MPL\mpl\liblibmplmpu.a(compass_vec_cal.o)
                              ./Core/MPU9250/MPL/driver/eMPL/inv_mpu.o (inv_enable_vector_compass_cal)
D:\STM32CubeIDEWS\NineAxisController\Core\MPU9250\MPL\mpl\liblibmplmpu.a(fast_no_motion.o)
                              ./Core/MPU9250/MPL/driver/eMPL/inv_mpu.o (inv_enable_fast_nomot)
D:\STM32CubeIDEWS\NineAxisController\Core\MPU9250\MPL\mpl\liblibmplmpu.a(fusion_9axis.o)
                              ./Core/MPU9250/MPL/driver/eMPL/inv_mpu.o (inv_enable_9x_sensor_fusion)
D:\STM32CubeIDEWS\NineAxisController\Core\MPU9250\MPL\mpl\liblibmplmpu.a(gyro_tc.o)
                              ./Core/MPU9250/MPL/driver/eMPL/inv_mpu.o (inv_enable_gyro_tc)
D:\STM32CubeIDEWS\NineAxisController\Core\MPU9250\MPL\mpl\liblibmplmpu.a(mag_disturb.o)
                              D:\STM32CubeIDEWS\NineAxisController\Core\MPU9250\MPL\mpl\liblibmplmpu.a(compass_vec_cal.o) (inv_set_magnetic_disturbance)
D:\STM32CubeIDEWS\NineAxisController\Core\MPU9250\MPL\mpl\liblibmplmpu.a(quaternion_supervisor.o)
                              ./Core/MPU9250/MPL/driver/eMPL/inv_mpu.o (inv_enable_quaternion)
D:\STM32CubeIDEWS\NineAxisController\Core\MPU9250\MPL\mpl\liblibmplmpu.a(accel_auto_cal.o)
                              D:\STM32CubeIDEWS\NineAxisController\Core\MPU9250\MPL\mpl\liblibmplmpu.a(compass_vec_cal.o) (inv_init_check_sample_balance_parameter)
d:/st/stm32cubeide_1.7.0/stm32cubeide/plugins/com.st.stm32cube.ide.mcu.externaltools.gnu-tools-for-stm32.9-2020-q2-update.win32_2.0.0.202105311346/tools/bin/../lib/gcc/arm-none-eabi/9.3.1/../../../../arm-none-eabi/lib/thumb/v7-m/nofp\libc_nano.a(lib_a-errno.o)
                              ./Core/Src/syscalls.o (__errno)
d:/st/stm32cubeide_1.7.0/stm32cubeide/plugins/com.st.stm32cube.ide.mcu.externaltools.gnu-tools-for-stm32.9-2020-q2-update.win32_2.0.0.202105311346/tools/bin/../lib/gcc/arm-none-eabi/9.3.1/../../../../arm-none-eabi/lib/thumb/v7-m/nofp\libc_nano.a(lib_a-exit.o)
                              d:/st/stm32cubeide_1.7.0/stm32cubeide/plugins/com.st.stm32cube.ide.mcu.externaltools.gnu-tools-for-stm32.9-2020-q2-update.win32_2.0.0.202105311346/tools/bin/../lib/gcc/arm-none-eabi/9.3.1/../../../../arm-none-eabi/lib/thumb/v7-m/nofp/crt0.o (exit)
d:/st/stm32cubeide_1.7.0/stm32cubeide/plugins/com.st.stm32cube.ide.mcu.externaltools.gnu-tools-for-stm32.9-2020-q2-update.win32_2.0.0.202105311346/tools/bin/../lib/gcc/arm-none-eabi/9.3.1/../../../../arm-none-eabi/lib/thumb/v7-m/nofp\libc_nano.a(lib_a-fputc.o)
                              ./Core/MPU9250/MPL/driver/stm32L/log_stm32.o (fputc)
d:/st/stm32cubeide_1.7.0/stm32cubeide/plugins/com.st.stm32cube.ide.mcu.externaltools.gnu-tools-for-stm32.9-2020-q2-update.win32_2.0.0.202105311346/tools/bin/../lib/gcc/arm-none-eabi/9.3.1/../../../../arm-none-eabi/lib/thumb/v7-m/nofp\libc_nano.a(lib_a-impure.o)
                              d:/st/stm32cubeide_1.7.0/stm32cubeide/plugins/com.st.stm32cube.ide.mcu.externaltools.gnu-tools-for-stm32.9-2020-q2-update.win32_2.0.0.202105311346/tools/bin/../lib/gcc/arm-none-eabi/9.3.1/../../../../arm-none-eabi/lib/thumb/v7-m/nofp\libc_nano.a(lib_a-exit.o) (_global_impure_ptr)
d:/st/stm32cubeide_1.7.0/stm32cubeide/plugins/com.st.stm32cube.ide.mcu.externaltools.gnu-tools-for-stm32.9-2020-q2-update.win32_2.0.0.202105311346/tools/bin/../lib/gcc/arm-none-eabi/9.3.1/../../../../arm-none-eabi/lib/thumb/v7-m/nofp\libc_nano.a(lib_a-init.o)
                              d:/st/stm32cubeide_1.7.0/stm32cubeide/plugins/com.st.stm32cube.ide.mcu.externaltools.gnu-tools-for-stm32.9-2020-q2-update.win32_2.0.0.202105311346/tools/bin/../lib/gcc/arm-none-eabi/9.3.1/../../../../arm-none-eabi/lib/thumb/v7-m/nofp/crt0.o (__libc_init_array)
d:/st/stm32cubeide_1.7.0/stm32cubeide/plugins/com.st.stm32cube.ide.mcu.externaltools.gnu-tools-for-stm32.9-2020-q2-update.win32_2.0.0.202105311346/tools/bin/../lib/gcc/arm-none-eabi/9.3.1/../../../../arm-none-eabi/lib/thumb/v7-m/nofp\libc_nano.a(lib_a-lock.o)
                              d:/st/stm32cubeide_1.7.0/stm32cubeide/plugins/com.st.stm32cube.ide.mcu.externaltools.gnu-tools-for-stm32.9-2020-q2-update.win32_2.0.0.202105311346/tools/bin/../lib/gcc/arm-none-eabi/9.3.1/../../../../arm-none-eabi/lib/thumb/v7-m/nofp\libc_nano.a(lib_a-fputc.o) (__retarget_lock_acquire_recursive)
d:/st/stm32cubeide_1.7.0/stm32cubeide/plugins/com.st.stm32cube.ide.mcu.externaltools.gnu-tools-for-stm32.9-2020-q2-update.win32_2.0.0.202105311346/tools/bin/../lib/gcc/arm-none-eabi/9.3.1/../../../../arm-none-eabi/lib/thumb/v7-m/nofp\libc_nano.a(lib_a-memcmp.o)
                              ./Core/MPU9250/MPL/driver/eMPL/inv_mpu.o (memcmp)
[...]
Memory Configuration

Name             Origin             Length             Attributes
RAM              0x0000000020000000 0x000000000000c000 xrw
FLASH            0x0000000008000000 0x0000000000040000 xr
*default*        0x0000000000000000 0xffffffffffffffff

Linker script and memory map

LOAD d:/st/stm32cubeide_1.7.0/stm32cubeide/plugins/com.st.stm32cube.ide.mcu.externaltools.gnu-tools-for-stm32.9-2020-q2-update.win32_2.0.0.202105311346/tools/bin/../lib/gcc/arm-none-eabi/9.3.1/thumb/v7-m/nofp/crti.o
LOAD d:/st/stm32cubeide_1.7.0/stm32cubeide/plugins/com.st.stm32cube.ide.mcu.externaltools.gnu-tools-for-stm32.9-2020-q2-update.win32_2.0.0.202105311346/tools/bin/../lib/gcc/arm-none-eabi/9.3.1/thumb/v7-m/nofp/crtbegin.o
LOAD d:/st/stm32cubeide_1.7.0/stm32cubeide/plugins/com.st.stm32cube.ide.mcu.externaltools.gnu-tools-for-stm32.9-2020-q2-update.win32_2.0.0.202105311346/tools/bin/../lib/gcc/arm-none-eabi/9.3.1/../../../../arm-none-eabi/lib/thumb/v7-m/nofp/crt0.o
LOAD ./Core/IIC/IOI2C.o
LOAD ./Core/MPU9250/MPL/driver/eMPL/inv_mpu.o
LOAD ./Core/MPU9250/MPL/driver/eMPL/inv_mpu_dmp_motion_driver.o
LOAD ./Core/MPU9250/MPL/driver/stm32L/log_stm32.o
LOAD ./Core/MPU9250/MPL/eMPL-hal/eMPL_outputs.o
LOAD ./Core/MPU9250/MPL/mllite/data_builder.o
LOAD ./Core/MPU9250/MPL/mllite/hal_outputs.o
LOAD ./Core/MPU9250/MPL/mllite/message_layer.o
LOAD ./Core/MPU9250/MPL/mllite/ml_math_func.o
LOAD ./Core/MPU9250/MPL/mllite/mlmath.o
LOAD ./Core/MPU9250/MPL/mllite/mpl.o
LOAD ./Core/MPU9250/MPL/mllite/results_holder.o
LOAD ./Core/MPU9250/MPL/mllite/start_manager.o
LOAD ./Core/MPU9250/MPL/mllite/storage_manager.o
LOAD ./Core/MPU9250/mpu9250.o
LOAD ./Core/Src/PID.o
LOAD ./Core/Src/contact.o
LOAD ./Core/Src/encoder.o
LOAD ./Core/Src/gpio.o
LOAD ./Core/Src/main.o
LOAD ./Core/Src/odometry.o
LOAD ./Core/Src/spi.o
LOAD ./Core/Src/stm32f1xx_hal_msp.o
LOAD ./Core/Src/stm32f1xx_it.o
LOAD ./Core/Src/syscalls.o
LOAD ./Core/Src/sysmem.o
LOAD ./Core/Src/system_stm32f1xx.o
LOAD ./Core/Src/tim.o
LOAD ./Core/Src/usart.o
LOAD ./Core/Startup/startup_stm32f103rctx.o
LOAD ./Core/W25QXX/W25QXX.o
LOAD ./Core/delay/delay.o
LOAD ./Drivers/STM32F1xx_HAL_Driver/Src/stm32f1xx_hal.o
LOAD ./Drivers/STM32F1xx_HAL_Driver/Src/stm32f1xx_hal_cortex.o
LOAD ./Drivers/STM32F1xx_HAL_Driver/Src/stm32f1xx_hal_dma.o
LOAD ./Drivers/STM32F1xx_HAL_Driver/Src/stm32f1xx_hal_exti.o
LOAD ./Drivers/STM32F1xx_HAL_Driver/Src/stm32f1xx_hal_flash.o
LOAD ./Drivers/STM32F1xx_HAL_Driver/Src/stm32f1xx_hal_flash_ex.o
LOAD ./Drivers/STM32F1xx_HAL_Driver/Src/stm32f1xx_hal_gpio.o
LOAD ./Drivers/STM32F1xx_HAL_Driver/Src/stm32f1xx_hal_gpio_ex.o
LOAD ./Drivers/STM32F1xx_HAL_Driver/Src/stm32f1xx_hal_pwr.o
LOAD ./Drivers/STM32F1xx_HAL_Driver/Src/stm32f1xx_hal_rcc.o
LOAD ./Drivers/STM32F1xx_HAL_Driver/Src/stm32f1xx_hal_rcc_ex.o
LOAD ./Drivers/STM32F1xx_HAL_Driver/Src/stm32f1xx_hal_spi.o
LOAD ./Drivers/STM32F1xx_HAL_Driver/Src/stm32f1xx_hal_tim.o
LOAD ./Drivers/STM32F1xx_HAL_Driver/Src/stm32f1xx_hal_tim_ex.o
LOAD ./Drivers/STM32F1xx_HAL_Driver/Src/stm32f1xx_hal_uart.o
LOAD D:\STM32CubeIDEWS\NineAxisController\Core\MPU9250\MPL\mpl\liblibmplmpu.a
START GROUP
LOAD d:/st/stm32cubeide_1.7.0/stm32cubeide/plugins/com.st.stm32cube.ide.mcu.externaltools.gnu-tools-for-stm32.9-2020-q2-update.win32_2.0.0.202105311346/tools/bin/../lib/gcc/arm-none-eabi/9.3.1/../../../../arm-none-eabi/lib/thumb/v7-m/nofp\libc_nano.a
LOAD d:/st/stm32cubeide_1.7.0/stm32cubeide/plugins/com.st.stm32cube.ide.mcu.externaltools.gnu-tools-for-stm32.9-2020-q2-update.win32_2.0.0.202105311346/tools/bin/../lib/gcc/arm-none-eabi/9.3.1/../../../../arm-none-eabi/lib/thumb/v7-m/nofp\libm.a
END GROUP
START GROUP
LOAD d:/st/stm32cubeide_1.7.0/stm32cubeide/plugins/com.st.stm32cube.ide.mcu.externaltools.gnu-tools-for-stm32.9-2020-q2-update.win32_2.0.0.202105311346/tools/bin/../lib/gcc/arm-none-eabi/9.3.1/thumb/v7-m/nofp\libgcc.a
LOAD d:/st/stm32cubeide_1.7.0/stm32cubeide/plugins/com.st.stm32cube.ide.mcu.externaltools.gnu-tools-for-stm32.9-2020-q2-update.win32_2.0.0.202105311346/tools/bin/../lib/gcc/arm-none-eabi/9.3.1/../../../../arm-none-eabi/lib/thumb/v7-m/nofp\libc_nano.a
END GROUP
START GROUP
LOAD d:/st/stm32cubeide_1.7.0/stm32cubeide/plugins/com.st.stm32cube.ide.mcu.externaltools.gnu-tools-for-stm32.9-2020-q2-update.win32_2.0.0.202105311346/tools/bin/../lib/gcc/arm-none-eabi/9.3.1/thumb/v7-m/nofp\libgcc.a
LOAD d:/st/stm32cubeide_1.7.0/stm32cubeide/plugins/com.st.stm32cube.ide.mcu.externaltools.gnu-tools-for-stm32.9-2020-q2-update.win32_2.0.0.202105311346/tools/bin/../lib/gcc/arm-none-eabi/9.3.1/../../../../arm-none-eabi/lib/thumb/v7-m/nofp\libc_nano.a
LOAD d:/st/stm32cubeide_1.7.0/stm32cubeide/plugins/com.st.stm32cube.ide.mcu.externaltools.gnu-tools-for-stm32.9-2020-q2-update.win32_2.0.0.202105311346/tools/bin/../lib/gcc/arm-none-eabi/9.3.1/../../../../arm-none-eabi/lib/thumb/v7-m/nofp\libnosys.a
END GROUP
START GROUP
LOAD d:/st/stm32cubeide_1.7.0/stm32cubeide/plugins/com.st.stm32cube.ide.mcu.externaltools.gnu-tools-for-stm32.9-2020-q2-update.win32_2.0.0.202105311346/tools/bin/../lib/gcc/arm-none-eabi/9.3.1/thumb/v7-m/nofp\libgcc.a
LOAD d:/st/stm32cubeide_1.7.0/stm32cubeide/plugins/com.st.stm32cube.ide.mcu.externaltools.gnu-tools-for-stm32.9-2020-q2-update.win32_2.0.0.202105311346/tools/bin/../lib/gcc/arm-none-eabi/9.3.1/../../../../arm-none-eabi/lib/thumb/v7-m/nofp\libc_nano.a
LOAD d:/st/stm32cubeide_1.7.0/stm32cubeide/plugins/com.st.stm32cube.ide.mcu.externaltools.gnu-tools-for-stm32.9-2020-q2-update.win32_2.0.0.202105311346/tools/bin/../lib/gcc/arm-none-eabi/9.3.1/../../../../arm-none-eabi/lib/thumb/v7-m/nofp\libnosys.a
END GROUP
LOAD d:/st/stm32cubeide_1.7.0/stm32cubeide/plugins/com.st.stm32cube.ide.mcu.externaltools.gnu-tools-for-stm32.9-2020-q2-update.win32_2.0.0.202105311346/tools/bin/../lib/gcc/arm-none-eabi/9.3.1/thumb/v7-m/nofp/crtend.o
LOAD d:/st/stm32cubeide_1.7.0/stm32cubeide/plugins/com.st.stm32cube.ide.mcu.externaltools.gnu-tools-for-stm32.9-2020-q2-update.win32_2.0.0.202105311346/tools/bin/../lib/gcc/arm-none-eabi/9.3.1/thumb/v7-m/nofp/crtn.o
                0x000000002000c000                _estack = (ORIGIN (RAM) + LENGTH (RAM))
                0x0000000000000400                _Min_Heap_Size = 0x400
                0x0000000000000400                _Min_Stack_Size = 0x400

.isr_vector     0x0000000008000000      0x1e4
                0x0000000008000000                . = ALIGN (0x4)
 *(.isr_vector)
 .isr_vector    0x0000000008000000      0x1e4 ./Core/Startup/startup_stm32f103rctx.o
                0x0000000008000000                g_pfnVectors
                0x00000000080001e4                . = ALIGN (0x4)

.text           0x00000000080001e8    0x1a9d8
                0x00000000080001e8                . = ALIGN (0x4)
 *(.text)
 .text          0x00000000080001e8       0x40 d:/st/stm32cubeide_1.7.0/stm32cubeide/plugins/com.st.stm32cube.ide.mcu.externaltools.gnu-tools-for-stm32.9-2020-q2-update.win32_2.0.0.202105311346/tools/bin/../lib/gcc/arm-none-eabi/9.3.1/thumb/v7-m/nofp/crtbegin.o
 .text          0x0000000008000228     0x2368 D:\STM32CubeIDEWS\NineAxisController\Core\MPU9250\MPL\mpl\liblibmplmpu.a(compass_vec_cal.o)
                0x0000000008000228                inv_start_vector_compass_cal
                0x000000000800045c                inv_vector_compass_cal_sensitivity
                0x0000000008000468                inv_cheap_rand
                0x00000000080004a0                inv_cheap_gaussian
                0x0000000008000514                inv_combine_compass_data
                0x000000000800066c                inv_set_terms
                0x0000000008000978                inv_compute_bias
                0x0000000008001120                inv_center_sum
                0x0000000008001820                inv_get_current_calibrated_compass
                0x0000000008001878                inv_add_compass_block_data
                0x0000000008001910                inv_check_sim
                0x0000000008001a64                inv_reset_data_collection
                0x0000000008002320                inv_process_compass_only_cal
                0x000000000800243c                inv_generate_vector_compass_cal
                0x00000000080024e4                inv_stop_vector_compass_cal
                0x00000000080024f0                inv_init_vector_compass_cal
                0x000000000800255c                inv_enable_vector_compass_cal
                0x0000000008002574                inv_disable_vector_compass_cal
 .text          0x0000000008002590      0xd14 D:\STM32CubeIDEWS\NineAxisController\Core\MPU9250\MPL\mpl\liblibmplmpu.a(fast_no_motion.o)
                0x0000000008002720                inv_init_maxmin
                0x00000000080027b8                inv_start_fast_nomot
                0x00000000080027f8                inv_fast_nomot_parameter
                0x0000000008002804                inv_fast_nomot_parameter_3rd
                0x00000000080028d8                inv_fast_nomot_set_gyro_bias
                0x00000000080029a0                inv_set_fast_nomot_compass_threshold
                0x00000000080029ac                int_set_fast_nomot_gyro_threshold
                0x00000000080029b8                inv_set_fast_nomot_accel_threshold
                0x00000000080029c4                inv_get_fast_nomot_compass_param
                0x00000000080029e0                inv_get_fast_nomot_accel_param
                0x00000000080029fc                inv_fast_nomot_store_data
                0x0000000008002a9c                inv_fast_nomot_store_data_compass
                0x0000000008002ae8                inv_fast_nomot_reset_data_compass
                0x0000000008002b14                inv_fast_nomot_get_time_elaps
                0x0000000008002b20                inv_fast_nomot_parameter_compass
                0x0000000008002b38                inv_get_right_shift_by_rounding
                0x0000000008002bb8                inv_reset_min_max_gyro_accel_statistics
                0x0000000008002bec                inv_record_max_moment_in_no_motion_gyro
                0x0000000008002c20                inv_record_max_moment_in_no_motion_accel
                0x0000000008002c54                inv_record_min_moment_in_motion_gyro
                0x0000000008002c88                inv_record_min_moment_in_motion_accel
                0x0000000008002cbc                inv_detect_motion_by_gyro_accel
                0x0000000008002e04                inv_sensor_data_preprocess
                0x0000000008002e88                inv_generate_fast_nomot
                0x00000000080031ac                inv_set_default_number_of_samples
                0x00000000080031e4                inv_init_fast_nomot
                0x0000000008003250                inv_stop_fast_nomot
                0x0000000008003268                inv_enable_fast_nomot
                0x0000000008003280                inv_disable_fast_nomot
                0x0000000008003294                inv_get_fnm_gyro_no_motion_param
                0x00000000080032a0                inv_fnm_debug_print
 *fill*         0x00000000080032a4        0x4 
 .text          0x00000000080032a8      0x730 D:\STM32CubeIDEWS\NineAxisController\Core\MPU9250\MPL\mpl\liblibmplmpu.a(fusion_9axis.o)
                0x00000000080032a8                inv_start_9x_sensor_fusion
                0x00000000080032b8                inv_filter_correction_angle
                0x00000000080034b0                inv_perform_9x_fusion
                0x0000000008003898                inv_process_9x_sensor_fusion_cb
                0x0000000008003930                inv_init_9x_fusion
                0x000000000800396c                inv_9x_fusion_set_mag_fb
                0x000000000800397c                inv_9x_fusion_enable_jitter_reduction
                0x000000000800398c                inv_9x_fusion_use_timestamps
                0x000000000800399c                inv_stop_9x_sensor_fusion
                0x00000000080039a8                inv_enable_9x_sensor_fusion
                0x00000000080039cc                inv_disable_9x_sensor_fusion
 .text          0x00000000080039d8      0x59c D:\STM32CubeIDEWS\NineAxisController\Core\MPU9250\MPL\mpl\liblibmplmpu.a(gyro_tc.o)
                0x00000000080039d8                inv_start_gyro_tc
                0x0000000008003e4c                inv_init_gyro_ts
                0x0000000008003e84                inv_set_gtc_max_temp
                0x0000000008003e94                inv_set_gtc_min_temp
                0x0000000008003ea4                inv_set_gtc_min_diff
                0x0000000008003eb4                inv_get_gyro_ts
                0x0000000008003ed8                inv_set_gyro_ts
                0x0000000008003edc                inv_set_gtc_order
                0x0000000008003ef4                inv_print_gtc_data
                0x0000000008003ef8                inv_stop_gyro_tc
                0x0000000008003f04                inv_enable_gyro_tc
                0x0000000008003f44                inv_disable_gyro_tc
 .text          0x0000000008003f74      0x650 D:\STM32CubeIDEWS\NineAxisController\Core\MPU9250\MPL\mpl\liblibmplmpu.a(mag_disturb.o)
                0x0000000008003f74                inv_start_magnetic_disturbance
                0x0000000008003f84                inv_set_magnetic_disturbance
                0x0000000008003f9c                inv_init_magnetic_disturbance
                0x0000000008003fe8                inv_stop_magnetic_disturbance
                0x0000000008003ff4                inv_enable_magnetic_disturbance
                0x0000000008004020                inv_disable_magnetic_disturbance
                0x0000000008004038                inv_disable_dip_tracking
                0x0000000008004048                inv_enable_dip_tracking
                0x0000000008004058                inv_track_dip_angle
                0x00000000080040f4                ComputeAngleVelocity
                0x0000000008004154                Mag3ofNormalizedLong
                0x00000000080041ac                MagDisturbSetDisturbance
                0x0000000008004224                MagDisturbCheckSettling
                0x000000000800426c                inv_check_magnetic_disturbance
                0x0000000008004580                inv_magnetic_disturbance_process
                0x00000000080045b8                inv_get_magnetic_disturbance_state
 *fill*         0x00000000080045c4        0x4 
 .text          0x00000000080045c8      0xa98 D:\STM32CubeIDEWS\NineAxisController\Core\MPU9250\MPL\mpl\liblibmplmpu.a(quaternion_supervisor.o)
                0x00000000080046b4                inv_start_quaternion
                0x0000000008004810                inv_generate_gyro_quaternion
                0x000000000800481c                inv_set_quaternion
                0x000000000800484c                inv_generate_accel_gyro_quaternion
                0x0000000008004ff8                inv_stop_quaternion
                0x0000000008005004                inv_init_quaternion
                0x0000000008005028                inv_enable_quaternion
                0x0000000008005040                inv_disable_quaternion
 .text          0x0000000008005060      0xd88 D:\STM32CubeIDEWS\NineAxisController\Core\MPU9250\MPL\mpl\liblibmplmpu.a(accel_auto_cal.o)
                0x00000000080050ac                inv_start_in_use_auto_calibration
                0x0000000008005178                inv_init_accel_maxmin
                0x0000000008005198                inv_record_good_accel_maxmin
                0x00000000080051cc                inv_get_current_calibrated_accel
                0x0000000008005210                inv_sort_order_4_T
                0x00000000080052c4                inv_init_check_sample_balance
                0x00000000080052e0                inv_init_check_sample_balance_parameter
                0x000000000800530c                inv_add_accel_block_data
                0x00000000080053a8                inv_add_vector_block_data
                0x0000000008005448                inv_check_sample_balance
                0x00000000080055e8                inv_auto_calibrate
                0x0000000008005d10                inv_init_in_use_auto_calibration
                0x0000000008005d9c                inv_stop_in_use_auto_calibration
                0x0000000008005da8                inv_enable_in_use_auto_calibration
                0x0000000008005dc0                inv_disable_in_use_auto_calibration
                0x0000000008005ddc                inv_get_accel_bias_stage
 .text          0x0000000008005de8       0x10 d:/st/stm32cubeide_1.7.0/stm32cubeide/plugins/com.st.stm32cube.ide.mcu.externaltools.gnu-tools-for-stm32.9-2020-q2-update.win32_2.0.0.202105311346/tools/bin/../lib/gcc/arm-none-eabi/9.3.1/../../../../arm-none-eabi/lib/thumb/v7-m/nofp\libc_nano.a(lib_a-strlen.o)
                0x0000000008005de8                strlen
 .text          0x0000000008005df8      0x378 d:/st/stm32cubeide_1.7.0/stm32cubeide/plugins/com.st.stm32cube.ide.mcu.externaltools.gnu-tools-for-stm32.9-2020-q2-update.win32_2.0.0.202105311346/tools/bin/../lib/gcc/arm-none-eabi/9.3.1/thumb/v7-m/nofp\libgcc.a(_arm_addsubdf3.o)
                0x0000000008005df8                __aeabi_drsub
                0x0000000008005e00                __aeabi_dsub
                0x0000000008005e00                __subdf3
                0x0000000008005e04                __aeabi_dadd
                0x0000000008005e04                __adddf3
                0x000000000800607c                __floatunsidf
                0x000000000800607c                __aeabi_ui2d
                0x000000000800609c                __floatsidf
                0x000000000800609c                __aeabi_i2d
                0x00000000080060c0                __aeabi_f2d
                0x00000000080060c0                __extendsfdf2
                0x0000000008006104                __floatundidf
                0x0000000008006104                __aeabi_ul2d
                0x0000000008006114                __floatdidf
                0x0000000008006114                __aeabi_l2d
 .text          0x0000000008006170      0x424 d:/st/stm32cubeide_1.7.0/stm32cubeide/plugins/com.st.stm32cube.ide.mcu.externaltools.gnu-tools-for-stm32.9-2020-q2-update.win32_2.0.0.202105311346/tools/bin/../lib/gcc/arm-none-eabi/9.3.1/thumb/v7-m/nofp\libgcc.a(_arm_muldivdf3.o)
                0x0000000008006170                __aeabi_dmul
                0x0000000008006170                __muldf3
                0x00000000080063c4                __divdf3
                0x00000000080063c4                __aeabi_ddiv
 .text          0x0000000008006594      0x110 d:/st/stm32cubeide_1.7.0/stm32cubeide/plugins/com.st.stm32cube.ide.mcu.externaltools.gnu-tools-for-stm32.9-2020-q2-update.win32_2.0.0.202105311346/tools/bin/../lib/gcc/arm-none-eabi/9.3.1/thumb/v7-m/nofp\libgcc.a(_arm_cmpdf2.o)
                0x0000000008006594                __gtdf2
                0x0000000008006594                __gedf2
                0x000000000800659c                __ltdf2
                0x000000000800659c                __ledf2
                0x00000000080065a4                __nedf2
                0x00000000080065a4                __eqdf2
                0x00000000080065a4                __cmpdf2
                0x0000000008006620                __aeabi_cdrcmple
                0x0000000008006630                __aeabi_cdcmpeq
                0x0000000008006630                __aeabi_cdcmple
                0x0000000008006640                __aeabi_dcmpeq
                0x0000000008006654                __aeabi_dcmplt
                0x0000000008006668                __aeabi_dcmple
                0x000000000800667c                __aeabi_dcmpge
                0x0000000008006690                __aeabi_dcmpgt
 .text          0x00000000080066a4       0x2c d:/st/stm32cubeide_1.7.0/stm32cubeide/plugins/com.st.stm32cube.ide.mcu.externaltools.gnu-tools-for-stm32.9-2020-q2-update.win32_2.0.0.202105311346/tools/bin/../lib/gcc/arm-none-eabi/9.3.1/thumb/v7-m/nofp\libgcc.a(_arm_unorddf2.o)
                0x00000000080066a4                __unorddf2
                0x00000000080066a4                __aeabi_dcmpun
 .text          0x00000000080066d0       0x50 d:/st/stm32cubeide_1.7.0/stm32cubeide/plugins/com.st.stm32cube.ide.mcu.externaltools.gnu-tools-for-stm32.9-2020-q2-update.win32_2.0.0.202105311346/tools/bin/../lib/gcc/arm-none-eabi/9.3.1/thumb/v7-m/nofp\libgcc.a(_arm_fixdfsi.o)
                0x00000000080066d0                __aeabi_d2iz
                0x00000000080066d0                __fixdfsi
 .text          0x0000000008006720       0x40 d:/st/stm32cubeide_1.7.0/stm32cubeide/plugins/com.st.stm32cube.ide.mcu.externaltools.gnu-tools-for-stm32.9-2020-q2-update.win32_2.0.0.202105311346/tools/bin/../lib/gcc/arm-none-eabi/9.3.1/thumb/v7-m/nofp\libgcc.a(_arm_fixunsdfsi.o)
                0x0000000008006720                __aeabi_d2uiz
                0x0000000008006720                __fixunsdfsi
 .text          0x0000000008006760       0xa0 d:/st/stm32cubeide_1.7.0/stm32cubeide/plugins/com.st.stm32cube.ide.mcu.externaltools.gnu-tools-for-stm32.9-2020-q2-update.win32_2.0.0.202105311346/tools/bin/../lib/gcc/arm-none-eabi/9.3.1/thumb/v7-m/nofp\libgcc.a(_arm_truncdfsf2.o)
                0x0000000008006760                __truncdfsf2
                0x0000000008006760                __aeabi_d2f
 .text          0x0000000008006800      0x21c d:/st/stm32cubeide_1.7.0/stm32cubeide/plugins/com.st.stm32cube.ide.mcu.externaltools.gnu-tools-for-stm32.9-2020-q2-update.win32_2.0.0.202105311346/tools/bin/../lib/gcc/arm-none-eabi/9.3.1/thumb/v7-m/nofp\libgcc.a(_arm_addsubsf3.o)
                0x0000000008006800                __aeabi_frsub
                0x0000000008006808                __subsf3
                0x0000000008006808                __aeabi_fsub
                0x000000000800680c                __aeabi_fadd
                0x000000000800680c                __addsf3
                0x000000000800696c                __aeabi_ui2f
                0x000000000800696c                __floatunsisf
                0x0000000008006974                __aeabi_i2f
                0x0000000008006974                __floatsisf
                0x0000000008006990                __aeabi_ul2f
                0x0000000008006990                __floatundisf
                0x00000000080069a0                __aeabi_l2f
                0x00000000080069a0                __floatdisf
 .text          0x0000000008006a1c      0x2a0 d:/st/stm32cubeide_1.7.0/stm32cubeide/plugins/com.st.stm32cube.ide.mcu.externaltools.gnu-tools-for-stm32.9-2020-q2-update.win32_2.0.0.202105311346/tools/bin/../lib/gcc/arm-none-eabi/9.3.1/thumb/v7-m/nofp\libgcc.a(_arm_muldivsf3.o)
                0x0000000008006a1c                __mulsf3
                0x0000000008006a1c                __aeabi_fmul
                0x0000000008006b84                __aeabi_fdiv
                0x0000000008006b84                __divsf3
 .text          0x0000000008006cbc       0xec d:/st/stm32cubeide_1.7.0/stm32cubeide/plugins/com.st.stm32cube.ide.mcu.externaltools.gnu-tools-for-stm32.9-2020-q2-update.win32_2.0.0.202105311346/tools/bin/../lib/gcc/arm-none-eabi/9.3.1/thumb/v7-m/nofp\libgcc.a(_arm_cmpsf2.o)
                0x0000000008006cbc                __gesf2
                0x0000000008006cbc                __gtsf2
                0x0000000008006cc4                __lesf2
                0x0000000008006cc4                __ltsf2
                0x0000000008006ccc                __nesf2
                0x0000000008006ccc                __eqsf2
                0x0000000008006ccc                __cmpsf2
                0x0000000008006d2c                __aeabi_cfrcmple
                0x0000000008006d34                __aeabi_cfcmpeq
                0x0000000008006d34                __aeabi_cfcmple
                0x0000000008006d44                __aeabi_fcmpeq
                0x0000000008006d58                __aeabi_fcmplt
                0x0000000008006d6c                __aeabi_fcmple
                0x0000000008006d80                __aeabi_fcmpge
                0x0000000008006d94                __aeabi_fcmpgt
 .text          0x0000000008006da8       0x2c d:/st/stm32cubeide_1.7.0/stm32cubeide/plugins/com.st.stm32cube.ide.mcu.externaltools.gnu-tools-for-stm32.9-2020-q2-update.win32_2.0.0.202105311346/tools/bin/../lib/gcc/arm-none-eabi/9.3.1/thumb/v7-m/nofp\libgcc.a(_arm_unordsf2.o)
                0x0000000008006da8                __unordsf2
                0x0000000008006da8                __aeabi_fcmpun
 .text          0x0000000008006dd4       0x4c d:/st/stm32cubeide_1.7.0/stm32cubeide/plugins/com.st.stm32cube.ide.mcu.externaltools.gnu-tools-for-stm32.9-2020-q2-update.win32_2.0.0.202105311346/tools/bin/../lib/gcc/arm-none-eabi/9.3.1/thumb/v7-m/nofp\libgcc.a(_arm_fixsfsi.o)
                0x0000000008006dd4                __aeabi_f2iz
                0x0000000008006dd4                __fixsfsi
 .text          0x0000000008006e20       0x40 d:/st/stm32cubeide_1.7.0/stm32cubeide/plugins/com.st.stm32cube.ide.mcu.externaltools.gnu-tools-for-stm32.9-2020-q2-update.win32_2.0.0.202105311346/tools/bin/../lib/gcc/arm-none-eabi/9.3.1/thumb/v7-m/nofp\libgcc.a(_arm_fixunssfsi.o)
                0x0000000008006e20                __fixunssfsi
                0x0000000008006e20                __aeabi_f2uiz
 .text          0x0000000008006e60       0xa0 d:/st/stm32cubeide_1.7.0/stm32cubeide/plugins/com.st.stm32cube.ide.mcu.externaltools.gnu-tools-for-stm32.9-2020-q2-update.win32_2.0.0.202105311346/tools/bin/../lib/gcc/arm-none-eabi/9.3.1/thumb/v7-m/nofp\libgcc.a(_aeabi_ldivmod.o)
                0x0000000008006e60                __aeabi_ldivmod
 .text          0x0000000008006f00       0x28 d:/st/stm32cubeide_1.7.0/stm32cubeide/plugins/com.st.stm32cube.ide.mcu.externaltools.gnu-tools-for-stm32.9-2020-q2-update.win32_2.0.0.202105311346/tools/bin/../lib/gcc/arm-none-eabi/9.3.1/thumb/v7-m/nofp\libgcc.a(_fixsfdi.o)
                0x0000000008006f00                __fixsfdi
                0x0000000008006f00                __aeabi_f2lz
 .text          0x0000000008006f28       0x40 d:/st/stm32cubeide_1.7.0/stm32cubeide/plugins/com.st.stm32cube.ide.mcu.externaltools.gnu-tools-for-stm32.9-2020-q2-update.win32_2.0.0.202105311346/tools/bin/../lib/gcc/arm-none-eabi/9.3.1/thumb/v7-m/nofp\libgcc.a(_fixunssfdi.o)
                0x0000000008006f28                __fixunssfdi
                0x0000000008006f28                __aeabi_f2ulz
 .text          0x0000000008006f68      0x2c4 d:/st/stm32cubeide_1.7.0/stm32cubeide/plugins/com.st.stm32cube.ide.mcu.externaltools.gnu-tools-for-stm32.9-2020-q2-update.win32_2.0.0.202105311346/tools/bin/../lib/gcc/arm-none-eabi/9.3.1/thumb/v7-m/nofp\libgcc.a(_udivmoddi4.o)
                0x0000000008006f68                __udivmoddi4
 .text          0x000000000800722c        0x4 d:/st/stm32cubeide_1.7.0/stm32cubeide/plugins/com.st.stm32cube.ide.mcu.externaltools.gnu-tools-for-stm32.9-2020-q2-update.win32_2.0.0.202105311346/tools/bin/../lib/gcc/arm-none-eabi/9.3.1/thumb/v7-m/nofp\libgcc.a(_dvmd_tls.o)
                0x000000000800722c                __aeabi_idiv0
                0x000000000800722c                __aeabi_ldiv0
 *(.text*)
 .text.IIC_Start
                0x0000000008007230       0x70 ./Core/IIC/IOI2C.o
                0x0000000008007230                IIC_Start
 .text.IIC_Stop
                0x00000000080072a0       0x50 ./Core/IIC/IOI2C.o
                0x00000000080072a0                IIC_Stop
 .text.IIC_Wait_Ack
                0x00000000080072f0       0x80 ./Core/IIC/IOI2C.o
                0x00000000080072f0                IIC_Wait_Ack
 .text.IIC_Ack  0x0000000008007370       0x50 ./Core/IIC/IOI2C.o
                0x0000000008007370                IIC_Ack
 .text.IIC_NAck
                0x00000000080073c0       0x50 ./Core/IIC/IOI2C.o
                0x00000000080073c0                IIC_NAck
 .text.IIC_Send_Byte
                0x0000000008007410       0x80 ./Core/IIC/IOI2C.o
                0x0000000008007410                IIC_Send_Byte
 .text.IIC_Read_Byte
                0x0000000008007490       0x8c ./Core/IIC/IOI2C.o
                0x0000000008007490                IIC_Read_Byte
 .text.set_int_enable
                0x000000000800751c       0xb4 ./Core/MPU9250/MPL/driver/eMPL/inv_mpu.o
 .text.mpu_init
                0x00000000080075d0      0x188 ./Core/MPU9250/MPL/driver/eMPL/inv_mpu.o
                0x00000000080075d0                mpu_init
 .text.mpu_lp_accel_mode
                0x0000000008007758      0x13c ./Core/MPU9250/MPL/driver/eMPL/inv_mpu.o
                0x0000000008007758                mpu_lp_accel_mode
 .text.mpu_get_temperature
                0x0000000008007894       0xc8 ./Core/MPU9250/MPL/driver/eMPL/inv_mpu.o
                0x0000000008007894                mpu_get_temperature
 .text.mpu_reset_fifo
                0x000000000800795c      0x208 ./Core/MPU9250/MPL/driver/eMPL/inv_mpu.o
                0x000000000800795c                mpu_reset_fifo
 .text.mpu_get_gyro_fsr
                0x0000000008007b64       0x68 ./Core/MPU9250/MPL/driver/eMPL/inv_mpu.o
                0x0000000008007b64                mpu_get_gyro_fsr
 .text.mpu_set_gyro_fsr
                0x0000000008007bcc       0xa8 ./Core/MPU9250/MPL/driver/eMPL/inv_mpu.o
                0x0000000008007bcc                mpu_set_gyro_fsr
 .text.mpu_get_accel_fsr
                0x0000000008007c74       0x74 ./Core/MPU9250/MPL/driver/eMPL/inv_mpu.o
                0x0000000008007c74                mpu_get_accel_fsr
 .text.mpu_set_accel_fsr
                0x0000000008007ce8       0xd0 ./Core/MPU9250/MPL/driver/eMPL/inv_mpu.o
                0x0000000008007ce8                mpu_set_accel_fsr
 .text.mpu_get_lpf
                0x0000000008007db8       0x78 ./Core/MPU9250/MPL/driver/eMPL/inv_mpu.o
                0x0000000008007db8                mpu_get_lpf
 .text.mpu_set_lpf
                0x0000000008007e30       0x9c ./Core/MPU9250/MPL/driver/eMPL/inv_mpu.o
                0x0000000008007e30                mpu_set_lpf
 .text.mpu_get_sample_rate
                0x0000000008007ecc       0x30 ./Core/MPU9250/MPL/driver/eMPL/inv_mpu.o
                0x0000000008007ecc                mpu_get_sample_rate
 .text.mpu_set_sample_rate
                0x0000000008007efc       0xdc ./Core/MPU9250/MPL/driver/eMPL/inv_mpu.o
                0x0000000008007efc                mpu_set_sample_rate
 .text.mpu_set_compass_sample_rate
                0x0000000008007fd8       0x80 ./Core/MPU9250/MPL/driver/eMPL/inv_mpu.o
                0x0000000008007fd8                mpu_set_compass_sample_rate
 .text.mpu_get_gyro_sens
                0x0000000008008058       0x70 ./Core/MPU9250/MPL/driver/eMPL/inv_mpu.o
                0x0000000008008058                mpu_get_gyro_sens
 .text.mpu_get_accel_sens
                0x00000000080080c8       0x7c ./Core/MPU9250/MPL/driver/eMPL/inv_mpu.o
                0x00000000080080c8                mpu_get_accel_sens
 .text.mpu_get_fifo_config
                0x0000000008008144       0x20 ./Core/MPU9250/MPL/driver/eMPL/inv_mpu.o
                0x0000000008008144                mpu_get_fifo_config
 .text.mpu_configure_fifo
                0x0000000008008164       0xa4 ./Core/MPU9250/MPL/driver/eMPL/inv_mpu.o
                0x0000000008008164                mpu_configure_fifo
 .text.mpu_set_sensors
                0x0000000008008208      0x1bc ./Core/MPU9250/MPL/driver/eMPL/inv_mpu.o
                0x0000000008008208                mpu_set_sensors
 .text.mpu_read_fifo_stream
                0x00000000080083c4       0xfc ./Core/MPU9250/MPL/driver/eMPL/inv_mpu.o
                0x00000000080083c4                mpu_read_fifo_stream
 .text.mpu_set_bypass
                0x00000000080084c0      0x18c ./Core/MPU9250/MPL/driver/eMPL/inv_mpu.o
                0x00000000080084c0                mpu_set_bypass
 .text.mpu_set_int_latched
                0x000000000800864c       0x88 ./Core/MPU9250/MPL/driver/eMPL/inv_mpu.o
                0x000000000800864c                mpu_set_int_latched
 .text.compass_self_test
                0x00000000080086d4      0x18c ./Core/MPU9250/MPL/driver/eMPL/inv_mpu.o
 .text.accel_6500_self_test
                0x0000000008008860      0x4e8 ./Core/MPU9250/MPL/driver/eMPL/inv_mpu.o
 .text.gyro_6500_self_test
                0x0000000008008d48      0x490 ./Core/MPU9250/MPL/driver/eMPL/inv_mpu.o
 .text.get_st_6500_biases
                0x00000000080091d8      0x954 ./Core/MPU9250/MPL/driver/eMPL/inv_mpu.o
 .text.mpu_run_6500_self_test
                0x0000000008009b2c      0x270 ./Core/MPU9250/MPL/driver/eMPL/inv_mpu.o
                0x0000000008009b2c                mpu_run_6500_self_test
 .text.mpu_write_mem
                0x0000000008009d9c       0xa4 ./Core/MPU9250/MPL/driver/eMPL/inv_mpu.o
                0x0000000008009d9c                mpu_write_mem
 .text.mpu_read_mem
                0x0000000008009e40       0xa4 ./Core/MPU9250/MPL/driver/eMPL/inv_mpu.o
                0x0000000008009e40                mpu_read_mem
 .text.mpu_load_firmware
                0x0000000008009ee4       0xfc ./Core/MPU9250/MPL/driver/eMPL/inv_mpu.o
                0x0000000008009ee4                mpu_load_firmware
 .text.mpu_set_dmp_state
                0x0000000008009fe0       0xa8 ./Core/MPU9250/MPL/driver/eMPL/inv_mpu.o
                0x0000000008009fe0                mpu_set_dmp_state
 .text.setup_compass
                0x000000000800a088      0x288 ./Core/MPU9250/MPL/driver/eMPL/inv_mpu.o
 .text.mpu_get_compass_reg
                0x000000000800a310      0x114 ./Core/MPU9250/MPL/driver/eMPL/inv_mpu.o
                0x000000000800a310                mpu_get_compass_reg
 .text.mpu_get_compass_fsr
                0x000000000800a424       0x24 ./Core/MPU9250/MPL/driver/eMPL/inv_mpu.o
                0x000000000800a424                mpu_get_compass_fsr
 .text.run_self_test
                0x000000000800a448       0xd0 ./Core/MPU9250/MPL/driver/eMPL/inv_mpu.o
                0x000000000800a448                run_self_test
 .text.mget_ms  0x000000000800a518       0x12 ./Core/MPU9250/MPL/driver/eMPL/inv_mpu.o
                0x000000000800a518                mget_ms
 *fill*         0x000000000800a52a        0x2 
 .text.mpu_dmp_init
                0x000000000800a52c      0x1c0 ./Core/MPU9250/MPL/driver/eMPL/inv_mpu.o
                0x000000000800a52c                mpu_dmp_init
 .text.mpu_mpl_get_data
                0x000000000800a6ec      0x2a4 ./Core/MPU9250/MPL/driver/eMPL/inv_mpu.o
                0x000000000800a6ec                mpu_mpl_get_data
 .text.dmp_load_motion_driver_firmware
                0x000000000800a990       0x20 ./Core/MPU9250/MPL/driver/eMPL/inv_mpu_dmp_motion_driver.o
                0x000000000800a990                dmp_load_motion_driver_firmware
 .text.dmp_set_orientation
                0x000000000800a9b0      0x1e4 ./Core/MPU9250/MPL/driver/eMPL/inv_mpu_dmp_motion_driver.o
                0x000000000800a9b0                dmp_set_orientation
 .text.dmp_set_gyro_bias
                0x000000000800ab94      0x1cc ./Core/MPU9250/MPL/driver/eMPL/inv_mpu_dmp_motion_driver.o
                0x000000000800ab94                dmp_set_gyro_bias
 .text.dmp_set_accel_bias
                0x000000000800ad60      0x1b8 ./Core/MPU9250/MPL/driver/eMPL/inv_mpu_dmp_motion_driver.o
                0x000000000800ad60                dmp_set_accel_bias
 .text.dmp_set_fifo_rate
                0x000000000800af18       0x90 ./Core/MPU9250/MPL/driver/eMPL/inv_mpu_dmp_motion_driver.o
                0x000000000800af18                dmp_set_fifo_rate
 .text.dmp_set_tap_thresh
                0x000000000800afa8      0x254 ./Core/MPU9250/MPL/driver/eMPL/inv_mpu_dmp_motion_driver.o
                0x000000000800afa8                dmp_set_tap_thresh
 .text.dmp_set_tap_axes
                0x000000000800b1fc       0x64 ./Core/MPU9250/MPL/driver/eMPL/inv_mpu_dmp_motion_driver.o
                0x000000000800b1fc                dmp_set_tap_axes
 .text.dmp_set_tap_count
                0x000000000800b260       0x42 ./Core/MPU9250/MPL/driver/eMPL/inv_mpu_dmp_motion_driver.o
                0x000000000800b260                dmp_set_tap_count
 *fill*         0x000000000800b2a2        0x2 
 .text.dmp_set_tap_time
                0x000000000800b2a4       0x44 ./Core/MPU9250/MPL/driver/eMPL/inv_mpu_dmp_motion_driver.o
                0x000000000800b2a4                dmp_set_tap_time
 .text.dmp_set_tap_time_multi
                0x000000000800b2e8       0x44 ./Core/MPU9250/MPL/driver/eMPL/inv_mpu_dmp_motion_driver.o
                0x000000000800b2e8                dmp_set_tap_time_multi
 .text.dmp_set_shake_reject_thresh
                0x000000000800b32c       0x60 ./Core/MPU9250/MPL/driver/eMPL/inv_mpu_dmp_motion_driver.o
                0x000000000800b32c                dmp_set_shake_reject_thresh
 .text.dmp_set_shake_reject_time
                0x000000000800b38c       0x44 ./Core/MPU9250/MPL/driver/eMPL/inv_mpu_dmp_motion_driver.o
                0x000000000800b38c                dmp_set_shake_reject_time
 .text.dmp_set_shake_reject_timeout
                0x000000000800b3d0       0x44 ./Core/MPU9250/MPL/driver/eMPL/inv_mpu_dmp_motion_driver.o
                0x000000000800b3d0                dmp_set_shake_reject_timeout
 .text.dmp_enable_feature
                0x000000000800b414      0x250 ./Core/MPU9250/MPL/driver/eMPL/inv_mpu_dmp_motion_driver.o
                0x000000000800b414                dmp_enable_feature
 .text.dmp_enable_gyro_cal
                0x000000000800b664       0x60 ./Core/MPU9250/MPL/driver/eMPL/inv_mpu_dmp_motion_driver.o
                0x000000000800b664                dmp_enable_gyro_cal
 .text.dmp_enable_lp_quat
                0x000000000800b6c4       0x4e ./Core/MPU9250/MPL/driver/eMPL/inv_mpu_dmp_motion_driver.o
                0x000000000800b6c4                dmp_enable_lp_quat
 .text.dmp_enable_6x_lp_quat
                0x000000000800b712       0x4e ./Core/MPU9250/MPL/driver/eMPL/inv_mpu_dmp_motion_driver.o
                0x000000000800b712                dmp_enable_6x_lp_quat
 .text.decode_gesture
                0x000000000800b760       0x88 ./Core/MPU9250/MPL/driver/eMPL/inv_mpu_dmp_motion_driver.o
 .text.dmp_read_fifo
                0x000000000800b7e8      0x2f0 ./Core/MPU9250/MPL/driver/eMPL/inv_mpu_dmp_motion_driver.o
                0x000000000800b7e8                dmp_read_fifo
 .text._MLPrintLog
                0x000000000800bad8      0x134 ./Core/MPU9250/MPL/driver/stm32L/log_stm32.o
                0x000000000800bad8                _MLPrintLog
 .text.inv_get_sensor_type_quat
                0x000000000800bc0c       0x38 ./Core/MPU9250/MPL/eMPL-hal/eMPL_outputs.o
                0x000000000800bc0c                inv_get_sensor_type_quat
 .text.inv_get_sensor_type_euler
                0x000000000800bc44      0x300 ./Core/MPU9250/MPL/eMPL-hal/eMPL_outputs.o
                0x000000000800bc44                inv_get_sensor_type_euler
 .text.inv_generate_eMPL_outputs
                0x000000000800bf44      0x14c ./Core/MPU9250/MPL/eMPL-hal/eMPL_outputs.o
 .text.inv_start_eMPL_outputs
                0x000000000800c090       0x1c ./Core/MPU9250/MPL/eMPL-hal/eMPL_outputs.o
 .text.inv_init_eMPL_outputs
                0x000000000800c0ac       0x18 ./Core/MPU9250/MPL/eMPL-hal/eMPL_outputs.o
 .text.inv_enable_eMPL_outputs
                0x000000000800c0c4       0x2c ./Core/MPU9250/MPL/eMPL-hal/eMPL_outputs.o
                0x000000000800c0c4                inv_enable_eMPL_outputs
 .text.inv_db_load_func
                0x000000000800c0f0       0x58 ./Core/MPU9250/MPL/mllite/data_builder.o
 .text.inv_db_save_func
                0x000000000800c148       0x20 ./Core/MPU9250/MPL/mllite/data_builder.o
 .text.inv_init_data_builder
                0x000000000800c168       0x44 ./Core/MPU9250/MPL/mllite/data_builder.o
                0x000000000800c168                inv_init_data_builder
 .text.set_sensor_orientation_and_scale
                0x000000000800c1ac       0x22 ./Core/MPU9250/MPL/mllite/data_builder.o
                0x000000000800c1ac                set_sensor_orientation_and_scale
 *fill*         0x000000000800c1ce        0x2 
 .text.inv_set_gyro_orientation_and_scale
                0x000000000800c1d0       0x20 ./Core/MPU9250/MPL/mllite/data_builder.o
                0x000000000800c1d0                inv_set_gyro_orientation_and_scale
 .text.inv_set_gyro_sample_rate
                0x000000000800c1f0       0x4c ./Core/MPU9250/MPL/mllite/data_builder.o
                0x000000000800c1f0                inv_set_gyro_sample_rate
 .text.inv_set_accel_sample_rate
                0x000000000800c23c       0x50 ./Core/MPU9250/MPL/mllite/data_builder.o
                0x000000000800c23c                inv_set_accel_sample_rate
 .text.inv_set_compass_sample_rate
                0x000000000800c28c       0x54 ./Core/MPU9250/MPL/mllite/data_builder.o
                0x000000000800c28c                inv_set_compass_sample_rate
 .text.inv_get_compass_on
                0x000000000800c2e0       0x24 ./Core/MPU9250/MPL/mllite/data_builder.o
                0x000000000800c2e0                inv_get_compass_on
 .text.inv_get_gyro_on
                0x000000000800c304       0x24 ./Core/MPU9250/MPL/mllite/data_builder.o
                0x000000000800c304                inv_get_gyro_on
 .text.inv_get_accel_on
                0x000000000800c328       0x24 ./Core/MPU9250/MPL/mllite/data_builder.o
                0x000000000800c328                inv_get_accel_on
 .text.inv_get_last_timestamp
                0x000000000800c34c       0x8c ./Core/MPU9250/MPL/mllite/data_builder.o
                0x000000000800c34c                inv_get_last_timestamp
 .text.inv_set_accel_orientation_and_scale
                0x000000000800c3d8       0x20 ./Core/MPU9250/MPL/mllite/data_builder.o
                0x000000000800c3d8                inv_set_accel_orientation_and_scale
 .text.inv_set_compass_orientation_and_scale
                0x000000000800c3f8       0x20 ./Core/MPU9250/MPL/mllite/data_builder.o
                0x000000000800c3f8                inv_set_compass_orientation_and_scale
 .text.inv_apply_calibration
                0x000000000800c418       0x94 ./Core/MPU9250/MPL/mllite/data_builder.o
                0x000000000800c418                inv_apply_calibration
 .text.inv_get_compass_bias
                0x000000000800c4ac       0x24 ./Core/MPU9250/MPL/mllite/data_builder.o
                0x000000000800c4ac                inv_get_compass_bias
 .text.inv_set_compass_bias
                0x000000000800c4d0       0x60 ./Core/MPU9250/MPL/mllite/data_builder.o
                0x000000000800c4d0                inv_set_compass_bias
 .text.inv_set_compass_disturbance
                0x000000000800c530       0x20 ./Core/MPU9250/MPL/mllite/data_builder.o
                0x000000000800c530                inv_set_compass_disturbance
 .text.inv_set_accel_accuracy
                0x000000000800c550       0x30 ./Core/MPU9250/MPL/mllite/data_builder.o
                0x000000000800c550                inv_set_accel_accuracy
 .text.inv_set_accel_bias_mask
                0x000000000800c580       0x88 ./Core/MPU9250/MPL/mllite/data_builder.o
                0x000000000800c580                inv_set_accel_bias_mask
 .text.inv_set_gyro_bias
                0x000000000800c608       0x88 ./Core/MPU9250/MPL/mllite/data_builder.o
                0x000000000800c608                inv_set_gyro_bias
 .text.inv_get_gyro_bias_tc_set
                0x000000000800c690       0x30 ./Core/MPU9250/MPL/mllite/data_builder.o
                0x000000000800c690                inv_get_gyro_bias_tc_set
 .text.inv_get_gyro_bias
                0x000000000800c6c0       0x3c ./Core/MPU9250/MPL/mllite/data_builder.o
                0x000000000800c6c0                inv_get_gyro_bias
 .text.inv_build_accel
                0x000000000800c6fc       0xc4 ./Core/MPU9250/MPL/mllite/data_builder.o
                0x000000000800c6fc                inv_build_accel
 .text.inv_build_gyro
                0x000000000800c7c0       0x4c ./Core/MPU9250/MPL/mllite/data_builder.o
                0x000000000800c7c0                inv_build_gyro
 .text.inv_build_compass
                0x000000000800c80c       0xe4 ./Core/MPU9250/MPL/mllite/data_builder.o
                0x000000000800c80c                inv_build_compass
 .text.inv_build_temp
                0x000000000800c8f0       0x48 ./Core/MPU9250/MPL/mllite/data_builder.o
                0x000000000800c8f0                inv_build_temp
 .text.inv_register_data_cb
                0x000000000800c938      0x14c ./Core/MPU9250/MPL/mllite/data_builder.o
                0x000000000800c938                inv_register_data_cb
 .text.inv_unregister_data_cb
                0x000000000800ca84       0x94 ./Core/MPU9250/MPL/mllite/data_builder.o
                0x000000000800ca84                inv_unregister_data_cb
 .text.inv_execute_on_data
                0x000000000800cb18       0xe8 ./Core/MPU9250/MPL/mllite/data_builder.o
                0x000000000800cb18                inv_execute_on_data
 .text.inv_set_contiguous
                0x000000000800cc00      0x130 ./Core/MPU9250/MPL/mllite/data_builder.o
 .text.inv_get_accel_set
                0x000000000800cd30       0x4c ./Core/MPU9250/MPL/mllite/data_builder.o
                0x000000000800cd30                inv_get_accel_set
 .text.inv_get_gyro
                0x000000000800cd7c       0x20 ./Core/MPU9250/MPL/mllite/data_builder.o
                0x000000000800cd7c                inv_get_gyro
 .text.inv_get_gyro_accuracy
                0x000000000800cd9c       0x14 ./Core/MPU9250/MPL/mllite/data_builder.o
                0x000000000800cd9c                inv_get_gyro_accuracy
 .text.inv_get_mag_accuracy
                0x000000000800cdb0       0x28 ./Core/MPU9250/MPL/mllite/data_builder.o
                0x000000000800cdb0                inv_get_mag_accuracy
 .text.inv_get_accel_accuracy
                0x000000000800cdd8       0x14 ./Core/MPU9250/MPL/mllite/data_builder.o
                0x000000000800cdd8                inv_get_accel_accuracy
 .text.inv_get_compass_soft_iron_output_data
                0x000000000800cdec       0x40 ./Core/MPU9250/MPL/mllite/data_builder.o
                0x000000000800cdec                inv_get_compass_soft_iron_output_data
 .text.inv_set_compass_soft_iron_input_data
                0x000000000800ce2c       0x80 ./Core/MPU9250/MPL/mllite/data_builder.o
                0x000000000800ce2c                inv_set_compass_soft_iron_input_data
 .text.inv_reset_compass_soft_iron_matrix
                0x000000000800ceac       0x7c ./Core/MPU9250/MPL/mllite/data_builder.o
                0x000000000800ceac                inv_reset_compass_soft_iron_matrix
 .text.inv_disable_compass_soft_iron_matrix
                0x000000000800cf28       0x18 ./Core/MPU9250/MPL/mllite/data_builder.o
                0x000000000800cf28                inv_disable_compass_soft_iron_matrix
 .text.inv_get_sensor_type_gravity
                0x000000000800cf40       0x90 ./Core/MPU9250/MPL/mllite/hal_outputs.o
                0x000000000800cf40                inv_get_sensor_type_gravity
 .text.inv_set_message
                0x000000000800cfd0       0x3c ./Core/MPU9250/MPL/mllite/message_layer.o
                0x000000000800cfd0                inv_set_message
 .text.inv_q30_to_float
                0x000000000800d00c       0x24 ./Core/MPU9250/MPL/mllite/ml_math_func.o
 .text.inv_compass_angle
                0x000000000800d030      0x106 ./Core/MPU9250/MPL/mllite/ml_math_func.o
                0x000000000800d030                inv_compass_angle
 .text.inv_get_gyro_sum_of_sqr
                0x000000000800d136       0x46 ./Core/MPU9250/MPL/mllite/ml_math_func.o
                0x000000000800d136                inv_get_gyro_sum_of_sqr
 .text.inv_q29_mult
                0x000000000800d17c       0x58 ./Core/MPU9250/MPL/mllite/ml_math_func.o
                0x000000000800d17c                inv_q29_mult
 .text.inv_q30_mult
                0x000000000800d1d4       0x58 ./Core/MPU9250/MPL/mllite/ml_math_func.o
                0x000000000800d1d4                inv_q30_mult
 .text.inv_q_mult
                0x000000000800d22c      0x192 ./Core/MPU9250/MPL/mllite/ml_math_func.o
                0x000000000800d22c                inv_q_mult
 .text.inv_q_add
                0x000000000800d3be       0x60 ./Core/MPU9250/MPL/mllite/ml_math_func.o
                0x000000000800d3be                inv_q_add
 .text.inv_q_invert
                0x000000000800d41e       0x46 ./Core/MPU9250/MPL/mllite/ml_math_func.o
                0x000000000800d41e                inv_q_invert
 .text.inv_q_rotate
                0x000000000800d464       0x66 ./Core/MPU9250/MPL/mllite/ml_math_func.o
                0x000000000800d464                inv_q_rotate
 .text.inv_q_multf
                0x000000000800d4ca      0x216 ./Core/MPU9250/MPL/mllite/ml_math_func.o
                0x000000000800d4ca                inv_q_multf
 .text.inv_q_addf
                0x000000000800d6e0       0x7e ./Core/MPU9250/MPL/mllite/ml_math_func.o
                0x000000000800d6e0                inv_q_addf
 .text.inv_q_normalizef
                0x000000000800d75e      0x262 ./Core/MPU9250/MPL/mllite/ml_math_func.o
                0x000000000800d75e                inv_q_normalizef
 .text.inv_q_norm4
                0x000000000800d9c0      0x122 ./Core/MPU9250/MPL/mllite/ml_math_func.o
                0x000000000800d9c0                inv_q_norm4
 .text.inv_q_invertf
                0x000000000800dae2       0x4c ./Core/MPU9250/MPL/mllite/ml_math_func.o
                0x000000000800dae2                inv_q_invertf
 .text.inv_quaternion_to_rotation
                0x000000000800db2e      0x1d8 ./Core/MPU9250/MPL/mllite/ml_math_func.o
                0x000000000800db2e                inv_quaternion_to_rotation
 .text.inv_checksum
                0x000000000800dd06       0x48 ./Core/MPU9250/MPL/mllite/ml_math_func.o
                0x000000000800dd06                inv_checksum
 .text.inv_row_2_scale
                0x000000000800dd4e       0x80 ./Core/MPU9250/MPL/mllite/ml_math_func.o
 .text.inv_orientation_matrix_to_scalar
                0x000000000800ddce       0x50 ./Core/MPU9250/MPL/mllite/ml_math_func.o
                0x000000000800ddce                inv_orientation_matrix_to_scalar
 .text.inv_convert_to_body_with_scale
                0x000000000800de1e       0xbc ./Core/MPU9250/MPL/mllite/ml_math_func.o
                0x000000000800de1e                inv_convert_to_body_with_scale
 .text.mlMatrixVectorMult
                0x000000000800deda       0x76 ./Core/MPU9250/MPL/mllite/ml_math_func.o
                0x000000000800deda                mlMatrixVectorMult
 .text.__print_result_location
                0x000000000800df50       0x34 ./Core/MPU9250/MPL/mllite/mpl.o
 .text.inv_init_mpl
                0x000000000800df84       0x78 ./Core/MPU9250/MPL/mllite/mpl.o
                0x000000000800df84                inv_init_mpl
 .text.inv_start_mpl
                0x000000000800dffc       0x34 ./Core/MPU9250/MPL/mllite/mpl.o
                0x000000000800dffc                inv_start_mpl
 .text.inv_store_gaming_quaternion
                0x000000000800e030       0x38 ./Core/MPU9250/MPL/mllite/results_holder.o
                0x000000000800e030                inv_store_gaming_quaternion
 .text.inv_set_compass_correction
                0x000000000800e068       0x38 ./Core/MPU9250/MPL/mllite/results_holder.o
                0x000000000800e068                inv_set_compass_correction
 .text.inv_get_compass_correction
                0x000000000800e0a0       0x2c ./Core/MPU9250/MPL/mllite/results_holder.o
                0x000000000800e0a0                inv_get_compass_correction
 .text.inv_get_large_mag_field
                0x000000000800e0cc       0x14 ./Core/MPU9250/MPL/mllite/results_holder.o
                0x000000000800e0cc                inv_get_large_mag_field
 .text.inv_get_acc_state
                0x000000000800e0e0       0x14 ./Core/MPU9250/MPL/mllite/results_holder.o
                0x000000000800e0e0                inv_get_acc_state
 .text.inv_get_motion_state
                0x000000000800e0f4       0x24 ./Core/MPU9250/MPL/mllite/results_holder.o
                0x000000000800e0f4                inv_get_motion_state
 .text.inv_set_motion_state
                0x000000000800e118       0x64 ./Core/MPU9250/MPL/mllite/results_holder.o
                0x000000000800e118                inv_set_motion_state
 .text.inv_get_local_field
                0x000000000800e17c       0x20 ./Core/MPU9250/MPL/mllite/results_holder.o
                0x000000000800e17c                inv_get_local_field
 .text.inv_get_gravity
                0x000000000800e19c       0x9c ./Core/MPU9250/MPL/mllite/results_holder.o
                0x000000000800e19c                inv_get_gravity
 .text.inv_get_6axis_quaternion
                0x000000000800e238       0x20 ./Core/MPU9250/MPL/mllite/results_holder.o
                0x000000000800e238                inv_get_6axis_quaternion
 .text.inv_get_quaternion
                0x000000000800e258       0x4c ./Core/MPU9250/MPL/mllite/results_holder.o
                0x000000000800e258                inv_get_quaternion
 .text.inv_get_quaternion_set
                0x000000000800e2a4       0x6c ./Core/MPU9250/MPL/mllite/results_holder.o
                0x000000000800e2a4                inv_get_quaternion_set
 .text.inv_generate_results
                0x000000000800e310       0x20 ./Core/MPU9250/MPL/mllite/results_holder.o
                0x000000000800e310                inv_generate_results
 .text.inv_start_results_holder
                0x000000000800e330       0x1c ./Core/MPU9250/MPL/mllite/results_holder.o
                0x000000000800e330                inv_start_results_holder
 .text.inv_init_results_holder
                0x000000000800e34c       0x54 ./Core/MPU9250/MPL/mllite/results_holder.o
                0x000000000800e34c                inv_init_results_holder
 .text.inv_enable_results_holder
                0x000000000800e3a0       0x2c ./Core/MPU9250/MPL/mllite/results_holder.o
                0x000000000800e3a0                inv_enable_results_holder
 .text.inv_set_accel_bias_found
                0x000000000800e3cc       0x1c ./Core/MPU9250/MPL/mllite/results_holder.o
                0x000000000800e3cc                inv_set_accel_bias_found
 .text.inv_got_compass_bias
                0x000000000800e3e8       0x14 ./Core/MPU9250/MPL/mllite/results_holder.o
                0x000000000800e3e8                inv_got_compass_bias
 .text.inv_set_compass_bias_found
                0x000000000800e3fc       0x1c ./Core/MPU9250/MPL/mllite/results_holder.o
                0x000000000800e3fc                inv_set_compass_bias_found
 .text.inv_set_compass_state
                0x000000000800e418       0x1c ./Core/MPU9250/MPL/mllite/results_holder.o
                0x000000000800e418                inv_set_compass_state
 .text.inv_get_compass_state
                0x000000000800e434       0x14 ./Core/MPU9250/MPL/mllite/results_holder.o
                0x000000000800e434                inv_get_compass_state
 .text.inv_set_compass_bias_error
                0x000000000800e448       0x20 ./Core/MPU9250/MPL/mllite/results_holder.o
                0x000000000800e448                inv_set_compass_bias_error
 .text.inv_get_linear_accel
                0x000000000800e468       0x62 ./Core/MPU9250/MPL/mllite/results_holder.o
                0x000000000800e468                inv_get_linear_accel
 .text.inv_get_linear_accel_float
                0x000000000800e4ca       0x66 ./Core/MPU9250/MPL/mllite/results_holder.o
                0x000000000800e4ca                inv_get_linear_accel_float
 .text.inv_init_start_manager
                0x000000000800e530       0x18 ./Core/MPU9250/MPL/mllite/start_manager.o
                0x000000000800e530                inv_init_start_manager
 .text.inv_unregister_mpl_start_notification
                0x000000000800e548       0x80 ./Core/MPU9250/MPL/mllite/start_manager.o
                0x000000000800e548                inv_unregister_mpl_start_notification
 .text.inv_register_mpl_start_notification
                0x000000000800e5c8       0x3c ./Core/MPU9250/MPL/mllite/start_manager.o
                0x000000000800e5c8                inv_register_mpl_start_notification
 .text.inv_execute_mpl_start_notification
                0x000000000800e604       0x4c ./Core/MPU9250/MPL/mllite/start_manager.o
                0x000000000800e604                inv_execute_mpl_start_notification
 .text.inv_init_storage_manager
                0x000000000800e650       0x20 ./Core/MPU9250/MPL/mllite/storage_manager.o
                0x000000000800e650                inv_init_storage_manager
 .text.inv_register_load_store
                0x000000000800e670       0xbc ./Core/MPU9250/MPL/mllite/storage_manager.o
                0x000000000800e670                inv_register_load_store
 .text.inv_get_mpl_state_size
                0x000000000800e72c       0x20 ./Core/MPU9250/MPL/mllite/storage_manager.o
                0x000000000800e72c                inv_get_mpl_state_size
 .text.inv_find_entry
                0x000000000800e74c       0x4c ./Core/MPU9250/MPL/mllite/storage_manager.o
 .text.inv_load_mpl_states
                0x000000000800e798      0x108 ./Core/MPU9250/MPL/mllite/storage_manager.o
                0x000000000800e798                inv_load_mpl_states
 .text.inv_save_mpl_states
                0x000000000800e8a0       0xf4 ./Core/MPU9250/MPL/mllite/storage_manager.o
                0x000000000800e8a0                inv_save_mpl_states
 .text.MPU9250_Init
                0x000000000800e994       0xc0 ./Core/MPU9250/mpu9250.o
                0x000000000800e994                MPU9250_Init
 .text.MPU9250_Set_Gyro
                0x000000000800ea54       0x24 ./Core/MPU9250/mpu9250.o
                0x000000000800ea54                MPU9250_Set_Gyro
 .text.MPU9250_Set_Accel
                0x000000000800ea78       0x24 ./Core/MPU9250/mpu9250.o
                0x000000000800ea78                MPU9250_Set_Accel
 .text.MPU9250_Set_LPF
                0x000000000800ea9c       0x64 ./Core/MPU9250/mpu9250.o
                0x000000000800ea9c                MPU9250_Set_LPF
 .text.MPU9250_Set_Rate
                0x000000000800eb00       0x5e ./Core/MPU9250/mpu9250.o
                0x000000000800eb00                MPU9250_Set_Rate
 .text.MPU9250_Read_Len
                0x000000000800eb5e       0xa4 ./Core/MPU9250/mpu9250.o
                0x000000000800eb5e                MPU9250_Read_Len
 .text.MPU9250_Write_Len
                0x000000000800ec02       0x84 ./Core/MPU9250/mpu9250.o
                0x000000000800ec02                MPU9250_Write_Len
 .text.MPU9250_Read_Byte
                0x000000000800ec86       0x64 ./Core/MPU9250/mpu9250.o
                0x000000000800ec86                MPU9250_Read_Byte
 .text.MPU9250_Write_Byte
                0x000000000800ecea       0x68 ./Core/MPU9250/mpu9250.o
                0x000000000800ecea                MPU9250_Write_Byte
 *fill*         0x000000000800ed52        0x6 
 .text.PID_P_calculate
                0x000000000800ed58      0x1e8 ./Core/Src/PID.o
                0x000000000800ed58                PID_P_calculate
 .text.car_control
                0x000000000800ef40       0x28 ./Core/Src/contact.o
                0x000000000800ef40                car_control
 .text.ENC_Clear_Speed_Buffer
                0x000000000800ef68       0x54 ./Core/Src/encoder.o
                0x000000000800ef68                ENC_Clear_Speed_Buffer
 .text.ENC_Calc_Average_Speed
                0x000000000800efbc       0xc0 ./Core/Src/encoder.o
                0x000000000800efbc                ENC_Calc_Average_Speed
 .text.Gain2    0x000000000800f07c       0x64 ./Core/Src/encoder.o
                0x000000000800f07c                Gain2
 .text.Gain1    0x000000000800f0e0       0x64 ./Core/Src/encoder.o
                0x000000000800f0e0                Gain1
 .text.MX_GPIO_Init
                0x000000000800f144      0x154 ./Core/Src/gpio.o
                0x000000000800f144                MX_GPIO_Init
 .text.__io_putchar
                0x000000000800f298       0x24 ./Core/Src/main.o
                0x000000000800f298                __io_putchar
 *fill*         0x000000000800f2bc        0x4 
 .text.Euler2Quat
                0x000000000800f2c0      0x3a0 ./Core/Src/main.o
                0x000000000800f2c0                Euler2Quat
 .text.CRC16    0x000000000800f660       0x68 ./Core/Src/main.o
                0x000000000800f660                CRC16
 .text.HAL_GPIO_EXTI_Callback
                0x000000000800f6c8       0x24 ./Core/Src/main.o
                0x000000000800f6c8                HAL_GPIO_EXTI_Callback
 .text.HAL_TIM_IC_CaptureCallback
                0x000000000800f6ec       0xa4 ./Core/Src/main.o
                0x000000000800f6ec                HAL_TIM_IC_CaptureCallback
 .text.HAL_UART_ErrorCallback
                0x000000000800f790       0x48 ./Core/Src/main.o
                0x000000000800f790                HAL_UART_ErrorCallback
 .text.HAL_UART_RxCpltCallback
                0x000000000800f7d8      0x39c ./Core/Src/main.o
                0x000000000800f7d8                HAL_UART_RxCpltCallback
 .text.HAL_TIM_PeriodElapsedCallback
                0x000000000800fb74      0x2a0 ./Core/Src/main.o
                0x000000000800fb74                HAL_TIM_PeriodElapsedCallback
 .text.main     0x000000000800fe14      0x730 ./Core/Src/main.o
                0x000000000800fe14                main
 .text.SystemClock_Config
                0x0000000008010544       0x8a ./Core/Src/main.o
                0x0000000008010544                SystemClock_Config
 .text.Error_Handler
                0x00000000080105ce        0xa ./Core/Src/main.o
                0x00000000080105ce                Error_Handler
 .text.odometry
                0x00000000080105d8      0x1cc ./Core/Src/odometry.o
                0x00000000080105d8                odometry
 .text.MX_SPI1_Init
                0x00000000080107a4       0x6c ./Core/Src/spi.o
                0x00000000080107a4                MX_SPI1_Init
 .text.HAL_SPI_MspInit
                0x0000000008010810       0xb4 ./Core/Src/spi.o
                0x0000000008010810                HAL_SPI_MspInit
 .text.HAL_MspInit
                0x00000000080108c4       0x64 ./Core/Src/stm32f1xx_hal_msp.o
                0x00000000080108c4                HAL_MspInit
 .text.NMI_Handler
                0x0000000008010928        0x6 ./Core/Src/stm32f1xx_it.o
                0x0000000008010928                NMI_Handler
 .text.HardFault_Handler
                0x000000000801092e        0x6 ./Core/Src/stm32f1xx_it.o
                0x000000000801092e                HardFault_Handler
 .text.MemManage_Handler
                0x0000000008010934        0x6 ./Core/Src/stm32f1xx_it.o
                0x0000000008010934                MemManage_Handler
 .text.BusFault_Handler
                0x000000000801093a        0x6 ./Core/Src/stm32f1xx_it.o
                0x000000000801093a                BusFault_Handler
 .text.UsageFault_Handler
                0x0000000008010940        0x6 ./Core/Src/stm32f1xx_it.o
                0x0000000008010940                UsageFault_Handler
 .text.SVC_Handler
                0x0000000008010946        0xc ./Core/Src/stm32f1xx_it.o
                0x0000000008010946                SVC_Handler
 .text.DebugMon_Handler
                0x0000000008010952        0xc ./Core/Src/stm32f1xx_it.o
                0x0000000008010952                DebugMon_Handler
 .text.PendSV_Handler
                0x000000000801095e        0xc ./Core/Src/stm32f1xx_it.o
                0x000000000801095e                PendSV_Handler
 .text.SysTick_Handler
                0x000000000801096a        0xc ./Core/Src/stm32f1xx_it.o
                0x000000000801096a                SysTick_Handler
 .text.EXTI0_IRQHandler
                0x0000000008010976        0xe ./Core/Src/stm32f1xx_it.o
                0x0000000008010976                EXTI0_IRQHandler
 .text.TIM1_UP_IRQHandler
                0x0000000008010984       0x14 ./Core/Src/stm32f1xx_it.o
                0x0000000008010984                TIM1_UP_IRQHandler
 .text.USART1_IRQHandler
                0x0000000008010998       0x14 ./Core/Src/stm32f1xx_it.o
                0x0000000008010998                USART1_IRQHandler
 .text.TIM5_IRQHandler
                0x00000000080109ac       0x14 ./Core/Src/stm32f1xx_it.o
                0x00000000080109ac                TIM5_IRQHandler
 .text._getpid  0x00000000080109c0        0xe ./Core/Src/syscalls.o
                0x00000000080109c0                _getpid
 .text._kill    0x00000000080109ce       0x20 ./Core/Src/syscalls.o
                0x00000000080109ce                _kill
 .text._exit    0x00000000080109ee       0x14 ./Core/Src/syscalls.o
                0x00000000080109ee                _exit
 .text._read    0x0000000008010a02       0x3a ./Core/Src/syscalls.o
                0x0000000008010a02                _read
 .text._write   0x0000000008010a3c       0x38 ./Core/Src/syscalls.o
                0x0000000008010a3c                _write
 .text._close   0x0000000008010a74       0x16 ./Core/Src/syscalls.o
                0x0000000008010a74                _close
 .text._fstat   0x0000000008010a8a       0x1e ./Core/Src/syscalls.o
                0x0000000008010a8a                _fstat
 .text._isatty  0x0000000008010aa8       0x14 ./Core/Src/syscalls.o
                0x0000000008010aa8                _isatty
 .text._lseek   0x0000000008010abc       0x18 ./Core/Src/syscalls.o
                0x0000000008010abc                _lseek
 .text._sbrk    0x0000000008010ad4       0x6c ./Core/Src/sysmem.o
                0x0000000008010ad4                _sbrk
 .text.SystemInit
                0x0000000008010b40        0xc ./Core/Src/system_stm32f1xx.o
                0x0000000008010b40                SystemInit
 .text.MX_TIM1_Init
                0x0000000008010b4c       0xa0 ./Core/Src/tim.o
                0x0000000008010b4c                MX_TIM1_Init
 .text.MX_TIM2_Init
                0x0000000008010bec      0x100 ./Core/Src/tim.o
                0x0000000008010bec                MX_TIM2_Init
 .text.MX_TIM3_Init
                0x0000000008010cec       0xa8 ./Core/Src/tim.o
                0x0000000008010cec                MX_TIM3_Init
 .text.MX_TIM4_Init
                0x0000000008010d94       0xa8 ./Core/Src/tim.o
                0x0000000008010d94                MX_TIM4_Init
 .text.MX_TIM5_Init
                0x0000000008010e3c       0x9c ./Core/Src/tim.o
                0x0000000008010e3c                MX_TIM5_Init
 .text.HAL_TIM_Base_MspInit
                0x0000000008010ed8       0xa8 ./Core/Src/tim.o
                0x0000000008010ed8                HAL_TIM_Base_MspInit
 .text.HAL_TIM_Encoder_MspInit
                0x0000000008010f80       0xd8 ./Core/Src/tim.o
                0x0000000008010f80                HAL_TIM_Encoder_MspInit
 .text.HAL_TIM_MspPostInit
                0x0000000008011058       0x60 ./Core/Src/tim.o
                0x0000000008011058                HAL_TIM_MspPostInit
 .text.MX_USART1_UART_Init
                0x00000000080110b8       0x54 ./Core/Src/usart.o
                0x00000000080110b8                MX_USART1_UART_Init
 .text.HAL_UART_MspInit
                0x000000000801110c       0xa8 ./Core/Src/usart.o
                0x000000000801110c                HAL_UART_MspInit
 .text.Reset_Handler
                0x00000000080111b4       0x48 ./Core/Startup/startup_stm32f103rctx.o
                0x00000000080111b4                Reset_Handler
 .text.Default_Handler
                0x00000000080111fc        0x2 ./Core/Startup/startup_stm32f103rctx.o
                0x00000000080111fc                RTC_Alarm_IRQHandler
                0x00000000080111fc                EXTI2_IRQHandler
                0x00000000080111fc                TIM8_TRG_COM_IRQHandler
                0x00000000080111fc                TIM8_CC_IRQHandler
                0x00000000080111fc                TIM1_CC_IRQHandler
                0x00000000080111fc                TIM6_IRQHandler
                0x00000000080111fc                PVD_IRQHandler
                0x00000000080111fc                SDIO_IRQHandler
                0x00000000080111fc                EXTI3_IRQHandler
                0x00000000080111fc                I2C2_EV_IRQHandler
                0x00000000080111fc                ADC1_2_IRQHandler
                0x00000000080111fc                SPI1_IRQHandler
                0x00000000080111fc                TAMPER_IRQHandler
                0x00000000080111fc                TIM8_UP_IRQHandler
                0x00000000080111fc                DMA2_Channel2_IRQHandler
                0x00000000080111fc                DMA1_Channel4_IRQHandler
                0x00000000080111fc                USART3_IRQHandler
                0x00000000080111fc                RTC_IRQHandler
                0x00000000080111fc                DMA1_Channel7_IRQHandler
                0x00000000080111fc                CAN1_RX1_IRQHandler
                0x00000000080111fc                UART5_IRQHandler
                0x00000000080111fc                ADC3_IRQHandler
                0x00000000080111fc                TIM4_IRQHandler
                0x00000000080111fc                DMA2_Channel1_IRQHandler
                0x00000000080111fc                I2C1_EV_IRQHandler
                0x00000000080111fc                DMA1_Channel6_IRQHandler
                0x00000000080111fc                UART4_IRQHandler
                0x00000000080111fc                TIM3_IRQHandler
                0x00000000080111fc                RCC_IRQHandler
                0x00000000080111fc                TIM1_TRG_COM_IRQHandler
                0x00000000080111fc                DMA1_Channel1_IRQHandler
                0x00000000080111fc                Default_Handler
                0x00000000080111fc                EXTI15_10_IRQHandler
                0x00000000080111fc                TIM7_IRQHandler
                0x00000000080111fc                EXTI9_5_IRQHandler
                0x00000000080111fc                SPI2_IRQHandler
                0x00000000080111fc                DMA1_Channel5_IRQHandler
                0x00000000080111fc                EXTI4_IRQHandler
                0x00000000080111fc                USB_LP_CAN1_RX0_IRQHandler
                0x00000000080111fc                USB_HP_CAN1_TX_IRQHandler
                0x00000000080111fc                DMA1_Channel3_IRQHandler
                0x00000000080111fc                FSMC_IRQHandler
                0x00000000080111fc                WWDG_IRQHandler
                0x00000000080111fc                TIM2_IRQHandler
                0x00000000080111fc                TIM1_BRK_IRQHandler
                0x00000000080111fc                EXTI1_IRQHandler
                0x00000000080111fc                DMA2_Channel4_5_IRQHandler
                0x00000000080111fc                USART2_IRQHandler
                0x00000000080111fc                I2C2_ER_IRQHandler
                0x00000000080111fc                DMA1_Channel2_IRQHandler
                0x00000000080111fc                TIM8_BRK_IRQHandler
                0x00000000080111fc                CAN1_SCE_IRQHandler
                0x00000000080111fc                FLASH_IRQHandler
                0x00000000080111fc                SPI3_IRQHandler
                0x00000000080111fc                I2C1_ER_IRQHandler
                0x00000000080111fc                USBWakeUp_IRQHandler
                0x00000000080111fc                DMA2_Channel3_IRQHandler
 .text.BSP_W25Qx_Init
                0x00000000080111fe       0x12 ./Core/W25QXX/W25QXX.o
                0x00000000080111fe                BSP_W25Qx_Init
 .text.BSP_W25Qx_Reset
                0x0000000008011210       0x44 ./Core/W25QXX/W25QXX.o
 .text.BSP_W25Qx_GetStatus
                0x0000000008011254       0x60 ./Core/W25QXX/W25QXX.o
 .text.BSP_W25Qx_WriteEnable
                0x00000000080112b4       0x68 ./Core/W25QXX/W25QXX.o
                0x00000000080112b4                BSP_W25Qx_WriteEnable
 .text.BSP_W25Qx_Read_ID
                0x000000000801131c       0x54 ./Core/W25QXX/W25QXX.o
                0x000000000801131c                BSP_W25Qx_Read_ID
 .text.BSP_W25Qx_Read
                0x0000000008011370       0x7c ./Core/W25QXX/W25QXX.o
                0x0000000008011370                BSP_W25Qx_Read
 .text.BSP_W25Qx_Write
                0x00000000080113ec      0x118 ./Core/W25QXX/W25QXX.o
                0x00000000080113ec                BSP_W25Qx_Write
 .text.BSP_W25Qx_Erase_Block
                0x0000000008011504       0x88 ./Core/W25QXX/W25QXX.o
                0x0000000008011504                BSP_W25Qx_Erase_Block
 .text.SysTick_CLKSourceConfig
                0x000000000801158c       0x34 ./Core/delay/delay.o
                0x000000000801158c                SysTick_CLKSourceConfig
 .text.delay_init
                0x00000000080115c0       0x40 ./Core/delay/delay.o
                0x00000000080115c0                delay_init
 .text.delay_us
                0x0000000008011600       0x68 ./Core/delay/delay.o
                0x0000000008011600                delay_us
 .text.delay_ms
                0x0000000008011668       0x68 ./Core/delay/delay.o
                0x0000000008011668                delay_ms
 .text.HAL_Init
                0x00000000080116d0       0x2c ./Drivers/STM32F1xx_HAL_Driver/Src/stm32f1xx_hal.o
                0x00000000080116d0                HAL_Init
 .text.HAL_InitTick
                0x00000000080116fc       0x60 ./Drivers/STM32F1xx_HAL_Driver/Src/stm32f1xx_hal.o
                0x00000000080116fc                HAL_InitTick
 .text.HAL_IncTick
                0x000000000801175c       0x24 ./Drivers/STM32F1xx_HAL_Driver/Src/stm32f1xx_hal.o
                0x000000000801175c                HAL_IncTick
 .text.HAL_GetTick
                0x0000000008011780       0x14 ./Drivers/STM32F1xx_HAL_Driver/Src/stm32f1xx_hal.o
                0x0000000008011780                HAL_GetTick
 .text.__NVIC_SetPriorityGrouping
                0x0000000008011794       0x48 ./Drivers/STM32F1xx_HAL_Driver/Src/stm32f1xx_hal_cortex.o
 .text.__NVIC_GetPriorityGrouping
                0x00000000080117dc       0x1c ./Drivers/STM32F1xx_HAL_Driver/Src/stm32f1xx_hal_cortex.o
 .text.__NVIC_EnableIRQ
                0x00000000080117f8       0x38 ./Drivers/STM32F1xx_HAL_Driver/Src/stm32f1xx_hal_cortex.o
 .text.__NVIC_SetPriority
                0x0000000008011830       0x54 ./Drivers/STM32F1xx_HAL_Driver/Src/stm32f1xx_hal_cortex.o
 .text.NVIC_EncodePriority
                0x0000000008011884       0x64 ./Drivers/STM32F1xx_HAL_Driver/Src/stm32f1xx_hal_cortex.o
 .text.SysTick_Config
                0x00000000080118e8       0x44 ./Drivers/STM32F1xx_HAL_Driver/Src/stm32f1xx_hal_cortex.o
 .text.HAL_NVIC_SetPriorityGrouping
                0x000000000801192c       0x16 ./Drivers/STM32F1xx_HAL_Driver/Src/stm32f1xx_hal_cortex.o
                0x000000000801192c                HAL_NVIC_SetPriorityGrouping
 .text.HAL_NVIC_SetPriority
                0x0000000008011942       0x38 ./Drivers/STM32F1xx_HAL_Driver/Src/stm32f1xx_hal_cortex.o
                0x0000000008011942                HAL_NVIC_SetPriority
 .text.HAL_NVIC_EnableIRQ
                0x000000000801197a       0x1c ./Drivers/STM32F1xx_HAL_Driver/Src/stm32f1xx_hal_cortex.o
                0x000000000801197a                HAL_NVIC_EnableIRQ
 .text.HAL_SYSTICK_Config
                0x0000000008011996       0x18 ./Drivers/STM32F1xx_HAL_Driver/Src/stm32f1xx_hal_cortex.o
                0x0000000008011996                HAL_SYSTICK_Config
 .text.HAL_DMA_Abort
                0x00000000080119ae       0x74 ./Drivers/STM32F1xx_HAL_Driver/Src/stm32f1xx_hal_dma.o
                0x00000000080119ae                HAL_DMA_Abort
 *fill*         0x0000000008011a22        0x2 
 .text.HAL_DMA_Abort_IT
                0x0000000008011a24      0x210 ./Drivers/STM32F1xx_HAL_Driver/Src/stm32f1xx_hal_dma.o
                0x0000000008011a24                HAL_DMA_Abort_IT
 .text.HAL_GPIO_Init
                0x0000000008011c34      0x328 ./Drivers/STM32F1xx_HAL_Driver/Src/stm32f1xx_hal_gpio.o
                0x0000000008011c34                HAL_GPIO_Init
 .text.HAL_GPIO_WritePin
                0x0000000008011f5c       0x30 ./Drivers/STM32F1xx_HAL_Driver/Src/stm32f1xx_hal_gpio.o
                0x0000000008011f5c                HAL_GPIO_WritePin
 .text.HAL_GPIO_EXTI_IRQHandler
                0x0000000008011f8c       0x30 ./Drivers/STM32F1xx_HAL_Driver/Src/stm32f1xx_hal_gpio.o
                0x0000000008011f8c                HAL_GPIO_EXTI_IRQHandler
 .text.HAL_RCC_OscConfig
                0x0000000008011fbc      0x500 ./Drivers/STM32F1xx_HAL_Driver/Src/stm32f1xx_hal_rcc.o
                0x0000000008011fbc                HAL_RCC_OscConfig
 .text.HAL_RCC_ClockConfig
                0x00000000080124bc      0x1d4 ./Drivers/STM32F1xx_HAL_Driver/Src/stm32f1xx_hal_rcc.o
                0x00000000080124bc                HAL_RCC_ClockConfig
 .text.HAL_RCC_GetSysClockFreq
                0x0000000008012690       0xc0 ./Drivers/STM32F1xx_HAL_Driver/Src/stm32f1xx_hal_rcc.o
                0x0000000008012690                HAL_RCC_GetSysClockFreq
 .text.HAL_RCC_GetHCLKFreq
                0x0000000008012750       0x14 ./Drivers/STM32F1xx_HAL_Driver/Src/stm32f1xx_hal_rcc.o
                0x0000000008012750                HAL_RCC_GetHCLKFreq
 .text.HAL_RCC_GetPCLK1Freq
                0x0000000008012764       0x28 ./Drivers/STM32F1xx_HAL_Driver/Src/stm32f1xx_hal_rcc.o
                0x0000000008012764                HAL_RCC_GetPCLK1Freq
 .text.HAL_RCC_GetPCLK2Freq
                0x000000000801278c       0x28 ./Drivers/STM32F1xx_HAL_Driver/Src/stm32f1xx_hal_rcc.o
                0x000000000801278c                HAL_RCC_GetPCLK2Freq
 .text.RCC_Delay
                0x00000000080127b4       0x3c ./Drivers/STM32F1xx_HAL_Driver/Src/stm32f1xx_hal_rcc.o
 .text.HAL_SPI_Init
                0x00000000080127f0      0x108 ./Drivers/STM32F1xx_HAL_Driver/Src/stm32f1xx_hal_spi.o
                0x00000000080127f0                HAL_SPI_Init
 .text.HAL_SPI_Transmit
                0x00000000080128f8      0x278 ./Drivers/STM32F1xx_HAL_Driver/Src/stm32f1xx_hal_spi.o
                0x00000000080128f8                HAL_SPI_Transmit
 .text.HAL_SPI_Receive
                0x0000000008012b70      0x222 ./Drivers/STM32F1xx_HAL_Driver/Src/stm32f1xx_hal_spi.o
                0x0000000008012b70                HAL_SPI_Receive
 .text.HAL_SPI_TransmitReceive
                0x0000000008012d92      0x344 ./Drivers/STM32F1xx_HAL_Driver/Src/stm32f1xx_hal_spi.o
                0x0000000008012d92                HAL_SPI_TransmitReceive
 *fill*         0x00000000080130d6        0x2 
 .text.SPI_WaitFlagStateUntilTimeout
                0x00000000080130d8      0x110 ./Drivers/STM32F1xx_HAL_Driver/Src/stm32f1xx_hal_spi.o
 .text.SPI_EndRxTransaction
                0x00000000080131e8       0xa4 ./Drivers/STM32F1xx_HAL_Driver/Src/stm32f1xx_hal_spi.o
 .text.SPI_EndRxTxTransaction
                0x000000000801328c       0x3c ./Drivers/STM32F1xx_HAL_Driver/Src/stm32f1xx_hal_spi.o
 .text.HAL_TIM_Base_Init
                0x00000000080132c8       0x9e ./Drivers/STM32F1xx_HAL_Driver/Src/stm32f1xx_hal_tim.o
                0x00000000080132c8                HAL_TIM_Base_Init
 *fill*         0x0000000008013366        0x2 
 .text.HAL_TIM_Base_Start_IT
                0x0000000008013368       0xc0 ./Drivers/STM32F1xx_HAL_Driver/Src/stm32f1xx_hal_tim.o
                0x0000000008013368                HAL_TIM_Base_Start_IT
 .text.HAL_TIM_PWM_Init
                0x0000000008013428       0x9e ./Drivers/STM32F1xx_HAL_Driver/Src/stm32f1xx_hal_tim.o
                0x0000000008013428                HAL_TIM_PWM_Init
 .text.HAL_TIM_PWM_MspInit
                0x00000000080134c6       0x12 ./Drivers/STM32F1xx_HAL_Driver/Src/stm32f1xx_hal_tim.o
                0x00000000080134c6                HAL_TIM_PWM_MspInit
 .text.HAL_TIM_PWM_Start
                0x00000000080134d8      0x174 ./Drivers/STM32F1xx_HAL_Driver/Src/stm32f1xx_hal_tim.o
                0x00000000080134d8                HAL_TIM_PWM_Start
 .text.HAL_TIM_PWM_Stop
                0x000000000801364c       0xe0 ./Drivers/STM32F1xx_HAL_Driver/Src/stm32f1xx_hal_tim.o
                0x000000000801364c                HAL_TIM_PWM_Stop
 .text.HAL_TIM_Encoder_Init
                0x000000000801372c      0x144 ./Drivers/STM32F1xx_HAL_Driver/Src/stm32f1xx_hal_tim.o
                0x000000000801372c                HAL_TIM_Encoder_Init
 .text.HAL_TIM_Encoder_Start
                0x0000000008013870      0x11c ./Drivers/STM32F1xx_HAL_Driver/Src/stm32f1xx_hal_tim.o
                0x0000000008013870                HAL_TIM_Encoder_Start
 .text.HAL_TIM_IRQHandler
                0x000000000801398c      0x210 ./Drivers/STM32F1xx_HAL_Driver/Src/stm32f1xx_hal_tim.o
                0x000000000801398c                HAL_TIM_IRQHandler
 .text.HAL_TIM_PWM_ConfigChannel
                0x0000000008013b9c      0x17c ./Drivers/STM32F1xx_HAL_Driver/Src/stm32f1xx_hal_tim.o
                0x0000000008013b9c                HAL_TIM_PWM_ConfigChannel
 .text.HAL_TIM_ConfigClockSource
                0x0000000008013d18      0x188 ./Drivers/STM32F1xx_HAL_Driver/Src/stm32f1xx_hal_tim.o
                0x0000000008013d18                HAL_TIM_ConfigClockSource
 .text.HAL_TIM_OC_DelayElapsedCallback
                0x0000000008013ea0       0x12 ./Drivers/STM32F1xx_HAL_Driver/Src/stm32f1xx_hal_tim.o
                0x0000000008013ea0                HAL_TIM_OC_DelayElapsedCallback
 .text.HAL_TIM_PWM_PulseFinishedCallback
                0x0000000008013eb2       0x12 ./Drivers/STM32F1xx_HAL_Driver/Src/stm32f1xx_hal_tim.o
                0x0000000008013eb2                HAL_TIM_PWM_PulseFinishedCallback
 .text.HAL_TIM_TriggerCallback
                0x0000000008013ec4       0x12 ./Drivers/STM32F1xx_HAL_Driver/Src/stm32f1xx_hal_tim.o
                0x0000000008013ec4                HAL_TIM_TriggerCallback
 *fill*         0x0000000008013ed6        0x2 
 .text.TIM_Base_SetConfig
                0x0000000008013ed8       0xf4 ./Drivers/STM32F1xx_HAL_Driver/Src/stm32f1xx_hal_tim.o
                0x0000000008013ed8                TIM_Base_SetConfig
 .text.TIM_OC1_SetConfig
                0x0000000008013fcc       0xe0 ./Drivers/STM32F1xx_HAL_Driver/Src/stm32f1xx_hal_tim.o
 .text.TIM_OC2_SetConfig
                0x00000000080140ac       0xe8 ./Drivers/STM32F1xx_HAL_Driver/Src/stm32f1xx_hal_tim.o
                0x00000000080140ac                TIM_OC2_SetConfig
 .text.TIM_OC3_SetConfig
                0x0000000008014194       0xe8 ./Drivers/STM32F1xx_HAL_Driver/Src/stm32f1xx_hal_tim.o
 .text.TIM_OC4_SetConfig
                0x000000000801427c       0xa8 ./Drivers/STM32F1xx_HAL_Driver/Src/stm32f1xx_hal_tim.o
 .text.TIM_TI1_ConfigInputStage
                0x0000000008014324       0x5c ./Drivers/STM32F1xx_HAL_Driver/Src/stm32f1xx_hal_tim.o
 .text.TIM_TI2_ConfigInputStage
                0x0000000008014380       0x5e ./Drivers/STM32F1xx_HAL_Driver/Src/stm32f1xx_hal_tim.o
 .text.TIM_ITRx_SetConfig
                0x00000000080143de       0x34 ./Drivers/STM32F1xx_HAL_Driver/Src/stm32f1xx_hal_tim.o
 .text.TIM_ETR_SetConfig
                0x0000000008014412       0x3e ./Drivers/STM32F1xx_HAL_Driver/Src/stm32f1xx_hal_tim.o
                0x0000000008014412                TIM_ETR_SetConfig
 .text.TIM_CCxChannelCmd
                0x0000000008014450       0x48 ./Drivers/STM32F1xx_HAL_Driver/Src/stm32f1xx_hal_tim.o
                0x0000000008014450                TIM_CCxChannelCmd
 .text.HAL_TIMEx_MasterConfigSynchronization
                0x0000000008014498       0xd8 ./Drivers/STM32F1xx_HAL_Driver/Src/stm32f1xx_hal_tim_ex.o
                0x0000000008014498                HAL_TIMEx_MasterConfigSynchronization
 .text.HAL_TIMEx_CommutCallback
                0x0000000008014570       0x12 ./Drivers/STM32F1xx_HAL_Driver/Src/stm32f1xx_hal_tim_ex.o
                0x0000000008014570                HAL_TIMEx_CommutCallback
 .text.HAL_TIMEx_BreakCallback
                0x0000000008014582       0x12 ./Drivers/STM32F1xx_HAL_Driver/Src/stm32f1xx_hal_tim_ex.o
                0x0000000008014582                HAL_TIMEx_BreakCallback
 .text.HAL_UART_Init
                0x0000000008014594       0x9a ./Drivers/STM32F1xx_HAL_Driver/Src/stm32f1xx_hal_uart.o
                0x0000000008014594                HAL_UART_Init
 .text.HAL_UART_Transmit
                0x000000000801462e      0x124 ./Drivers/STM32F1xx_HAL_Driver/Src/stm32f1xx_hal_uart.o
                0x000000000801462e                HAL_UART_Transmit
 .text.HAL_UART_Receive_IT
                0x0000000008014752       0x60 ./Drivers/STM32F1xx_HAL_Driver/Src/stm32f1xx_hal_uart.o
                0x0000000008014752                HAL_UART_Receive_IT
 *fill*         0x00000000080147b2        0x2 
 .text.HAL_UART_IRQHandler
                0x00000000080147b4      0x354 ./Drivers/STM32F1xx_HAL_Driver/Src/stm32f1xx_hal_uart.o
                0x00000000080147b4                HAL_UART_IRQHandler
 .text.HAL_UART_TxCpltCallback
                0x0000000008014b08       0x12 ./Drivers/STM32F1xx_HAL_Driver/Src/stm32f1xx_hal_uart.o
                0x0000000008014b08                HAL_UART_TxCpltCallback
 .text.HAL_UARTEx_RxEventCallback
                0x0000000008014b1a       0x16 ./Drivers/STM32F1xx_HAL_Driver/Src/stm32f1xx_hal_uart.o
                0x0000000008014b1a                HAL_UARTEx_RxEventCallback
 .text.UART_WaitOnFlagUntilTimeout
                0x0000000008014b30       0x94 ./Drivers/STM32F1xx_HAL_Driver/Src/stm32f1xx_hal_uart.o
 .text.UART_Start_Receive_IT
                0x0000000008014bc4       0x72 ./Drivers/STM32F1xx_HAL_Driver/Src/stm32f1xx_hal_uart.o
                0x0000000008014bc4                UART_Start_Receive_IT
 .text.UART_EndRxTransfer
                0x0000000008014c36       0x58 ./Drivers/STM32F1xx_HAL_Driver/Src/stm32f1xx_hal_uart.o
 .text.UART_DMAAbortOnError
                0x0000000008014c8e       0x28 ./Drivers/STM32F1xx_HAL_Driver/Src/stm32f1xx_hal_uart.o
 .text.UART_Transmit_IT
                0x0000000008014cb6       0x9e ./Drivers/STM32F1xx_HAL_Driver/Src/stm32f1xx_hal_uart.o
 .text.UART_EndTransmit_IT
                0x0000000008014d54       0x30 ./Drivers/STM32F1xx_HAL_Driver/Src/stm32f1xx_hal_uart.o
 .text.UART_Receive_IT
                0x0000000008014d84      0x152 ./Drivers/STM32F1xx_HAL_Driver/Src/stm32f1xx_hal_uart.o
 *fill*         0x0000000008014ed6        0x2 
 .text.UART_SetConfig
                0x0000000008014ed8      0x11c ./Drivers/STM32F1xx_HAL_Driver/Src/stm32f1xx_hal_uart.o
 .text.__errno  0x0000000008014ff4        0xc d:/st/stm32cubeide_1.7.0/stm32cubeide/plugins/com.st.stm32cube.ide.mcu.externaltools.gnu-tools-for-stm32.9-2020-q2-update.win32_2.0.0.202105311346/tools/bin/../lib/gcc/arm-none-eabi/9.3.1/../../../../arm-none-eabi/lib/thumb/v7-m/nofp\libc_nano.a(lib_a-errno.o)
                0x0000000008014ff4                __errno
 .text._fputc_r
                0x0000000008015000       0x70 d:/st/stm32cubeide_1.7.0/stm32cubeide/plugins/com.st.stm32cube.ide.mcu.externaltools.gnu-tools-for-stm32.9-2020-q2-update.win32_2.0.0.202105311346/tools/bin/../lib/gcc/arm-none-eabi/9.3.1/../../../../arm-none-eabi/lib/thumb/v7-m/nofp\libc_nano.a(lib_a-fputc.o)
                0x0000000008015000                _fputc_r
 .text.fputc    0x0000000008015070       0x10 d:/st/stm32cubeide_1.7.0/stm32cubeide/plugins/com.st.stm32cube.ide.mcu.externaltools.gnu-tools-for-stm32.9-2020-q2-update.win32_2.0.0.202105311346/tools/bin/../lib/gcc/arm-none-eabi/9.3.1/../../../../arm-none-eabi/lib/thumb/v7-m/nofp\libc_nano.a(lib_a-fputc.o)
                0x0000000008015070                fputc
 .text.__libc_init_array
                0x0000000008015080       0x48 d:/st/stm32cubeide_1.7.0/stm32cubeide/plugins/com.st.stm32cube.ide.mcu.externaltools.gnu-tools-for-stm32.9-2020-q2-update.win32_2.0.0.202105311346/tools/bin/../lib/gcc/arm-none-eabi/9.3.1/../../../../arm-none-eabi/lib/thumb/v7-m/nofp\libc_nano.a(lib_a-init.o)
                0x0000000008015080                __libc_init_array
 .text.__retarget_lock_init_recursive
                0x00000000080150c8        0x2 d:/st/stm32cubeide_1.7.0/stm32cubeide/plugins/com.st.stm32cube.ide.mcu.externaltools.gnu-tools-for-stm32.9-2020-q2-update.win32_2.0.0.202105311346/tools/bin/../lib/gcc/arm-none-eabi/9.3.1/../../../../arm-none-eabi/lib/thumb/v7-m/nofp\libc_nano.a(lib_a-lock.o)
                0x00000000080150c8                __retarget_lock_init_recursive
 .text.__retarget_lock_acquire_recursive
                0x00000000080150ca        0x2 d:/st/stm32cubeide_1.7.0/stm32cubeide/plugins/com.st.stm32cube.ide.mcu.externaltools.gnu-tools-for-stm32.9-2020-q2-update.win32_2.0.0.202105311346/tools/bin/../lib/gcc/arm-none-eabi/9.3.1/../../../../arm-none-eabi/lib/thumb/v7-m/nofp\libc_nano.a(lib_a-lock.o)
                0x00000000080150ca                __retarget_lock_acquire_recursive
 .text.__retarget_lock_release_recursive
                0x00000000080150cc        0x2 d:/st/stm32cubeide_1.7.0/stm32cubeide/plugins/com.st.stm32cube.ide.mcu.externaltools.gnu-tools-for-stm32.9-2020-q2-update.win32_2.0.0.202105311346/tools/bin/../lib/gcc/arm-none-eabi/9.3.1/../../../../arm-none-eabi/lib/thumb/v7-m/nofp\libc_nano.a(lib_a-lock.o)
                0x00000000080150cc                __retarget_lock_release_recursive
 .text.memcmp   0x00000000080150ce       0x1c d:/st/stm32cubeide_1.7.0/stm32cubeide/plugins/com.st.stm32cube.ide.mcu.externaltools.gnu-tools-for-stm32.9-2020-q2-update.win32_2.0.0.202105311346/tools/bin/../lib/gcc/arm-none-eabi/9.3.1/../../../../arm-none-eabi/lib/thumb/v7-m/nofp\libc_nano.a(lib_a-memcmp.o)
                0x00000000080150ce                memcmp
 .text.memcpy   0x00000000080150ea       0x1c d:/st/stm32cubeide_1.7.0/stm32cubeide/plugins/com.st.stm32cube.ide.mcu.externaltools.gnu-tools-for-stm32.9-2020-q2-update.win32_2.0.0.202105311346/tools/bin/../lib/gcc/arm-none-eabi/9.3.1/../../../../arm-none-eabi/lib/thumb/v7-m/nofp\libc_nano.a(lib_a-memcpy-stub.o)
                0x00000000080150ea                memcpy
 .text.memmove  0x0000000008015106       0x34 d:/st/stm32cubeide_1.7.0/stm32cubeide/plugins/com.st.stm32cube.ide.mcu.externaltools.gnu-tools-for-stm32.9-2020-q2-update.win32_2.0.0.202105311346/tools/bin/../lib/gcc/arm-none-eabi/9.3.1/../../../../arm-none-eabi/lib/thumb/v7-m/nofp\libc_nano.a(lib_a-memmove.o)
                0x0000000008015106                memmove
 .text.memset   0x000000000801513a       0x10 d:/st/stm32cubeide_1.7.0/stm32cubeide/plugins/com.st.stm32cube.ide.mcu.externaltools.gnu-tools-for-stm32.9-2020-q2-update.win32_2.0.0.202105311346/tools/bin/../lib/gcc/arm-none-eabi/9.3.1/../../../../arm-none-eabi/lib/thumb/v7-m/nofp\libc_nano.a(lib_a-memset.o)
                0x000000000801513a                memset
 .text.__cvt    0x000000000801514a       0xbe d:/st/stm32cubeide_1.7.0/stm32cubeide/plugins/com.st.stm32cube.ide.mcu.externaltools.gnu-tools-for-stm32.9-2020-q2-update.win32_2.0.0.202105311346/tools/bin/../lib/gcc/arm-none-eabi/9.3.1/../../../../arm-none-eabi/lib/thumb/v7-m/nofp\libc_nano.a(lib_a-nano-vfprintf_float.o)
                0x000000000801514a                __cvt
 .text.__exponent
                0x0000000008015208       0x7c d:/st/stm32cubeide_1.7.0/stm32cubeide/plugins/com.st.stm32cube.ide.mcu.externaltools.gnu-tools-for-stm32.9-2020-q2-update.win32_2.0.0.202105311346/tools/bin/../lib/gcc/arm-none-eabi/9.3.1/../../../../arm-none-eabi/lib/thumb/v7-m/nofp\libc_nano.a(lib_a-nano-vfprintf_float.o)
                0x0000000008015208                __exponent
 .text._printf_float
                0x0000000008015284      0x458 d:/st/stm32cubeide_1.7.0/stm32cubeide/plugins/com.st.stm32cube.ide.mcu.externaltools.gnu-tools-for-stm32.9-2020-q2-update.win32_2.0.0.202105311346/tools/bin/../lib/gcc/arm-none-eabi/9.3.1/../../../../arm-none-eabi/lib/thumb/v7-m/nofp\libc_nano.a(lib_a-nano-vfprintf_float.o)
                0x0000000008015284                _printf_float
 .text._printf_common
                0x00000000080156dc       0xde d:/st/stm32cubeide_1.7.0/stm32cubeide/plugins/com.st.stm32cube.ide.mcu.externaltools.gnu-tools-for-stm32.9-2020-q2-update.win32_2.0.0.202105311346/tools/bin/../lib/gcc/arm-none-eabi/9.3.1/../../../../arm-none-eabi/lib/thumb/v7-m/nofp\libc_nano.a(lib_a-nano-vfprintf_i.o)
                0x00000000080156dc                _printf_common
 *fill*         0x00000000080157ba        0x2 
 .text._printf_i
                0x00000000080157bc      0x24c d:/st/stm32cubeide_1.7.0/stm32cubeide/plugins/com.st.stm32cube.ide.mcu.externaltools.gnu-tools-for-stm32.9-2020-q2-update.win32_2.0.0.202105311346/tools/bin/../lib/gcc/arm-none-eabi/9.3.1/../../../../arm-none-eabi/lib/thumb/v7-m/nofp\libc_nano.a(lib_a-nano-vfprintf_i.o)
                0x00000000080157bc                _printf_i
 .text.printf   0x0000000008015a08       0x30 d:/st/stm32cubeide_1.7.0/stm32cubeide/plugins/com.st.stm32cube.ide.mcu.externaltools.gnu-tools-for-stm32.9-2020-q2-update.win32_2.0.0.202105311346/tools/bin/../lib/gcc/arm-none-eabi/9.3.1/../../../../arm-none-eabi/lib/thumb/v7-m/nofp\libc_nano.a(lib_a-printf.o)
                0x0000000008015a08                iprintf
                0x0000000008015a08                printf
 .text._putc_r  0x0000000008015a38       0x90 d:/st/stm32cubeide_1.7.0/stm32cubeide/plugins/com.st.stm32cube.ide.mcu.externaltools.gnu-tools-for-stm32.9-2020-q2-update.win32_2.0.0.202105311346/tools/bin/../lib/gcc/arm-none-eabi/9.3.1/../../../../arm-none-eabi/lib/thumb/v7-m/nofp\libc_nano.a(lib_a-putc.o)
                0x0000000008015a38                _putc_r
 .text._puts_r  0x0000000008015ac8       0xdc d:/st/stm32cubeide_1.7.0/stm32cubeide/plugins/com.st.stm32cube.ide.mcu.externaltools.gnu-tools-for-stm32.9-2020-q2-update.win32_2.0.0.202105311346/tools/bin/../lib/gcc/arm-none-eabi/9.3.1/../../../../arm-none-eabi/lib/thumb/v7-m/nofp\libc_nano.a(lib_a-puts.o)
                0x0000000008015ac8                _puts_r