inv_mpu.c:658:12:set_int_enable	24	static
inv_mpu.c:690:5:mpu_reg_dump	16	static
inv_mpu.c:712:5:mpu_read_reg	16	static
inv_mpu.c:734:5:mpu_init	24	static
inv_mpu.c:828:5:mpu_lp_accel_mode	24	static
inv_mpu.c:912:5:mpu_get_gyro_reg	24	static
inv_mpu.c:935:5:mpu_get_accel_reg	24	static
inv_mpu.c:958:5:mpu_get_temperature	32	static
inv_mpu.c:984:5:mpu_read_6500_accel_bias	24	static
inv_mpu.c:1006:5:mpu_read_6050_accel_bias	24	static
inv_mpu.c:1020:5:mpu_read_6500_gyro_bias	24	static
inv_mpu.c:1042:5:mpu_set_gyro_bias_reg	32	static
inv_mpu.c:1072:5:mpu_set_accel_bias_6050_reg	40	static
inv_mpu.c:1110:5:mpu_set_accel_bias_6500_reg	40	static
inv_mpu.c:1144:5:mpu_reset_fifo	16	static
inv_mpu.c:1206:5:mpu_get_gyro_fsr	16	static
inv_mpu.c:1233:5:mpu_set_gyro_fsr	24	static
inv_mpu.c:1270:5:mpu_get_accel_fsr	16	static
inv_mpu.c:1298:5:mpu_set_accel_fsr	24	static
inv_mpu.c:1335:5:mpu_get_lpf	16	static
inv_mpu.c:1371:5:mpu_set_lpf	24	static
inv_mpu.c:1404:5:mpu_get_sample_rate	16	static
inv_mpu.c:1419:5:mpu_set_sample_rate	24	static
inv_mpu.c:1466:5:mpu_get_compass_sample_rate	16	static
inv_mpu.c:1488:5:mpu_set_compass_sample_rate	24	static
inv_mpu.c:1510:5:mpu_get_gyro_sens	16	static
inv_mpu.c:1536:5:mpu_get_accel_sens	16	static
inv_mpu.c:1568:5:mpu_get_fifo_config	16	static
inv_mpu.c:1583:5:mpu_configure_fifo	24	static
inv_mpu.c:1625:5:mpu_get_power_state	16	static
inv_mpu.c:1644:5:mpu_set_sensors	24	static
inv_mpu.c:1721:5:mpu_get_int_status	24	static
inv_mpu.c:1750:5:mpu_read_fifo	48	static
inv_mpu.c:1831:5:mpu_read_fifo_stream	32	static
inv_mpu.c:1869:5:mpu_set_bypass	24	static
inv_mpu.c:1919:5:mpu_set_int_level	16	static
inv_mpu.c:1931:5:mpu_set_int_latched	24	static
inv_mpu.c:2028:12:compass_self_test	24	static
inv_mpu.c:2092:12:get_st_biases	112	static
inv_mpu.c:2249:12:accel_6500_self_test	144	static
inv_mpu.c:2341:12:gyro_6500_self_test	136	static
inv_mpu.c:2434:12:get_st_6500_biases	648	static
inv_mpu.c:2576:5:mpu_run_6500_self_test	72	static
inv_mpu.c:2697:5:mpu_run_self_test	32	static
inv_mpu.c:2801:5:mpu_write_mem	24	static
inv_mpu.c:2834:5:mpu_read_mem	24	static
inv_mpu.c:2866:5:mpu_load_firmware	48	static
inv_mpu.c:2907:5:mpu_set_dmp_state	24	static
inv_mpu.c:2946:5:mpu_get_dmp_state	16	static
inv_mpu.c:2954:12:setup_compass	24	static
inv_mpu.c:3062:5:mpu_get_compass_reg	32	static
inv_mpu.c:3115:5:mpu_get_compass_fsr	16	static
inv_mpu.c:3163:5:mpu_lp_motion_interrupt	32	static
inv_mpu.c:3340:4:run_self_test	48	static
inv_mpu.c:3371:16:inv_row_2_scale	24	static
inv_mpu.c:3392:6:mget_ms	16	static
inv_mpu.c:3399:4:mpu_dmp_init	24	static
inv_mpu.c:3479:4:mpu_dmp_get_data	104	static
inv_mpu.c:3522:4:mpu_mpl_get_data	136	static
