inv_mpu_dmp_motion_driver.c:508:5:dmp_load_motion_driver_firmware	8	static
inv_mpu_dmp_motion_driver.c:521:5:dmp_set_orientation	40	static
inv_mpu_dmp_motion_driver.c:576:5:dmp_set_gyro_bias	32	static
inv_mpu_dmp_motion_driver.c:628:5:dmp_set_accel_bias	56	static
inv_mpu_dmp_motion_driver.c:680:5:dmp_set_fifo_rate	40	static
inv_mpu_dmp_motion_driver.c:706:5:dmp_get_fifo_rate	16	static
inv_mpu_dmp_motion_driver.c:718:5:dmp_set_tap_thresh	32	static
inv_mpu_dmp_motion_driver.c:784:5:dmp_set_tap_axes	24	static
inv_mpu_dmp_motion_driver.c:802:5:dmp_set_tap_count	24	static
inv_mpu_dmp_motion_driver.c:820:5:dmp_set_tap_time	24	static
inv_mpu_dmp_motion_driver.c:836:5:dmp_set_tap_time_multi	24	static
inv_mpu_dmp_motion_driver.c:854:5:dmp_set_shake_reject_thresh	24	static
inv_mpu_dmp_motion_driver.c:873:5:dmp_set_shake_reject_time	24	static
inv_mpu_dmp_motion_driver.c:891:5:dmp_set_shake_reject_timeout	24	static
inv_mpu_dmp_motion_driver.c:906:5:dmp_get_pedometer_step_count	24	static
inv_mpu_dmp_motion_driver.c:927:5:dmp_set_pedometer_step_count	24	static
inv_mpu_dmp_motion_driver.c:943:5:dmp_get_pedometer_walk_time	24	static
inv_mpu_dmp_motion_driver.c:963:5:dmp_set_pedometer_walk_time	24	static
inv_mpu_dmp_motion_driver.c:993:5:dmp_enable_feature	32	static
inv_mpu_dmp_motion_driver.c:1115:5:dmp_get_enabled_features	16	static
inv_mpu_dmp_motion_driver.c:1130:5:dmp_enable_gyro_cal	40	static
inv_mpu_dmp_motion_driver.c:1148:5:dmp_enable_lp_quat	24	static
inv_mpu_dmp_motion_driver.c:1172:5:dmp_enable_6x_lp_quat	24	static
inv_mpu_dmp_motion_driver.c:1193:12:decode_gesture	24	static
inv_mpu_dmp_motion_driver.c:1225:5:dmp_set_interrupt_mode	40	static
inv_mpu_dmp_motion_driver.c:1264:5:dmp_read_fifo	80	static
inv_mpu_dmp_motion_driver.c:1357:5:dmp_register_tap_cb	16	static
inv_mpu_dmp_motion_driver.c:1368:5:dmp_register_android_orient_cb	16	static
