main.c:69:1:__io_putchar	16	static
main.c:289:6:Quaternion_Solution	96	static
main.c:355:6:Quat2Euler	24	static
main.c:395:6:Euler2Quat	32	static
main.c:406:6:Euler2Quat_O	32	static
main.c:419:6:Float2Byte	32	static
main.c:429:6:DataScope_Get_Channel_Data	16	static
main.c:450:15:DataScope_Data_Generate	16	static
main.c:474:6:DataScope	8	static
main.c:502:10:CRC16	24	static
main.c:522:6:HAL_GPIO_EXTI_Callback	16	static
main.c:591:6:HAL_TIM_IC_CaptureCallback	16	static
main.c:615:6:HAL_UART_ErrorCallback	24	static
main.c:629:6:HAL_UART_RxCpltCallback	24	static
main.c:803:6:HAL_TIM_PeriodElapsedCallback	56	static
main.c:885:5:main	64	static
main.c:1152:6:SystemClock_Config	72	static
main.c:1194:6:Error_Handler	4	static,ignoring_inline_asm
